<html>
<body>
<pre>
<h1>礦ision Build Log</h1>
<h2>Tool Versions:</h2>
IDE-Version: μVision V5.33.0.0
Copyright (C) 2020 ARM Ltd and ARM Germany GmbH. All rights reserved.
License Information: XU DEFU, NJUPT, LIC=76F5U-SHNMF-9US4U-SVQET-ZXPR7-QKURL
 
Tool Versions:
Toolchain:       MDK-ARM Plus  Version: 5.33.0.0
Toolchain Path:  C:\Keil_v5\ARM\ARMCC\Bin
C Compiler:      Armcc.exe V5.06 update 7 (build 960)
Assembler:       Armasm.exe V5.06 update 7 (build 960)
Linker/Locator:  ArmLink.exe V5.06 update 7 (build 960)
Library Manager: ArmAr.exe V5.06 update 7 (build 960)
Hex Converter:   FromElf.exe V5.06 update 7 (build 960)
CPU DLL:         SARMCM3.DLL V5.33.0.0
Dialog DLL:      DCM.DLL V1.17.3.0
Target DLL:      STLink\ST-LINKIII-KEIL_SWO.dll V3.0.8.0
Dialog DLL:      TCM.DLL V1.48.0.0
 
<h2>Project:</h2>
D:\INRICH_WORK_2021\Program source code\5, deformation sensor\CODE\PRO_SHAPE_V2.0.0_B20210107\MDK-ARM\temp.uvprojx
Project File Date:  01/15/2021

<h2>Output:</h2>
*** Using Compiler 'V5.06 update 7 (build 960)', folder: 'C:\Keil_v5\ARM\ARMCC\Bin'
Build target '形变'
assembling startup_stm32l431xx.s...
compiling stm32l4xx_it.c...
compiling stm32l4xx_hal_msp.c...
compiling stm32l4xx_hal_spi_ex.c...
compiling stm32l4xx_hal_tim.c...
compiling main.c...
compiling stm32l4xx_hal_tim_ex.c...
compiling stm32l4xx_hal_spi.c...
compiling stm32l4xx_hal.c...
compiling stm32l4xx_hal_i2c_ex.c...
compiling stm32l4xx_hal_rcc.c...
compiling stm32l4xx_hal_rcc_ex.c...
compiling stm32l4xx_hal_flash.c...
compiling stm32l4xx_hal_i2c.c...
compiling stm32l4xx_hal_flash_ex.c...
compiling stm32l4xx_hal_flash_ramfunc.c...
compiling stm32l4xx_hal_gpio.c...
compiling stm32l4xx_hal_dma.c...
compiling stm32l4xx_hal_dma_ex.c...
compiling stm32l4xx_hal_pwr.c...
compiling stm32l4xx_hal_pwr_ex.c...
compiling stm32l4xx_hal_cortex.c...
compiling stm32l4xx_hal_rtc.c...
compiling stm32l4xx_hal_adc.c...
compiling stm32l4xx_hal_rtc_ex.c...
compiling stm32l4xx_hal_iwdg.c...
compiling stm32l4xx_hal_adc_ex.c...
compiling stm32l4xx_hal_rng.c...
compiling stm32l4xx_hal_uart.c...
compiling stm32l4xx_hal_uart_ex.c...
compiling system_stm32l4xx.c...
compiling i2c.c...
compiling hw.c...
compiling hw-gpio.c...
compiling hw-spi.c...
compiling usart.c...
compiling flash.c...
..\Src\HW-HAL\flash.c(153): warning:  #177-D: variable "Offset_Delay_buf"  was declared but never referenced
      uint32_t Offset_Delay_buf= 0;
..\Src\HW-HAL\flash.c(156): warning:  #177-D: variable "Alarm_threshold_buf"  was declared but never referenced
      uint32_t Alarm_threshold_buf=0;
..\Src\HW-HAL\flash.c(157): warning:  #177-D: variable "Alarm_threshold_DOWN_buf"  was declared but never referenced
      uint32_t Alarm_threshold_DOWN_buf=0;
..\Src\HW-HAL\flash.c: 3 warnings, 0 errors
compiling rtc.c...
..\Src\HW-HAL\rtc.c(73): warning:  #1-D: last line of file ends without a newline
  }
..\Src\HW-HAL\rtc.c: 1 warning, 0 errors
compiling iwdg.c...
..\Src\HW-HAL\iwdg.c(18): warning:  #1-D: last line of file ends without a newline
  }
..\Src\HW-HAL\iwdg.c: 1 warning, 0 errors
compiling rng.c...
..\Src\HW-HAL\rng.c(32): warning:  #1-D: last line of file ends without a newline
  }
..\Src\HW-HAL\rng.c: 1 warning, 0 errors
compiling adc.c...
..\Src\HW-HAL\adc.c(228): warning:  #1035-D: single-precision operand implicitly converted to double-precision
      Shape_Change_Data=Shape_Change_Data*4.65;
..\Src\HW-HAL\adc.c(321): warning:  #1035-D: single-precision operand implicitly converted to double-precision
      First_Shape_Change_Data=First_Shape_Change_Data*4.65;
..\Src\HW-HAL\adc.c: 2 warnings, 0 errors
compiling sx1280.c...
..\Src\sx1280-driver-c\sx1280.c(60): warning:  #550-D: variable "PollingMode"  was set but never used
  static bool PollingMode;
..\Src\sx1280-driver-c\sx1280.c(74): warning:  #550-D: variable "RadioCallbacks"  was set but never used
  static RadioCallbacks_t* RadioCallbacks;
..\Src\sx1280-driver-c\sx1280.c: 2 warnings, 0 errors
compiling sx1280-hal.c...
compiling protocol.c...
..\Src\sx1280-driver-c\protocol.c(103): warning:  #177-D: variable "Type_Ident"  was declared but never referenced
      bool Type_Ident=0;//参数配置类型标识 该字段无实际意义，默认取0
..\Src\sx1280-driver-c\protocol.c(107): warning:  #177-D: variable "Ctrl_Type"  was declared but never referenced
      uint8_t Ctrl_Type=0;//控制报文类型，REQ中使用
..\Src\sx1280-driver-c\protocol.c(238): warning:  #177-D: variable "compare_result"  was declared but never referenced
      uint8_t compare_result=0;
..\Src\sx1280-driver-c\protocol.c(240): warning:  #177-D: variable "Receive_Sensor_ID_Buf"  was declared but never referenced
      uint8_t Receive_Sensor_ID_Buf[6]= {0};
..\Src\sx1280-driver-c\protocol.c(243): warning:  #550-D: variable "CRC_Test"  was set but never used
      uint16_t CRC_Test=0;
..\Src\sx1280-driver-c\protocol.c(244): warning:  #177-D: variable "Receive_CRC_HIGH"  was declared but never referenced
      uint16_t Receive_CRC_HIGH;
..\Src\sx1280-driver-c\protocol.c(245): warning:  #177-D: variable "Receive_CRC_LOW"  was declared but never referenced
      uint16_t Receive_CRC_LOW;
..\Src\sx1280-driver-c\protocol.c: 7 warnings, 0 errors
compiling sx1280_app.c...
linking...
Program Size: Code=31640 RO-data=1544 RW-data=296 ZI-data=10592  
FromELF: creating hex file...
"l4_1280_test1\PRO_1D9C_SHAPE_V200_B20210107.axf" - 0 Error(s), 17 Warning(s).

<h2>Software Packages used:</h2>

Package Vendor: ARM
                http://www.keil.com/pack/ARM.CMSIS.5.7.0.pack
                ARM.CMSIS.5.7.0
                CMSIS (Cortex Microcontroller Software Interface Standard)
   * Component: CORE Version: 5.4.0

Package Vendor: Keil
                http://www.keil.com/pack/Keil.STM32L4xx_DFP.2.1.0.pack
                Keil.STM32L4xx_DFP.2.1.0
                STMicroelectronics STM32L4 Series Device Support, Drivers and Examples

<h2>Collection of Component include folders:</h2>
  .\RTE\_____
  C:\Keil_v5\ARM\PACK\ARM\CMSIS\5.7.0\CMSIS\Core\Include
  C:\Keil_v5\ARM\PACK\Keil\STM32L4xx_DFP\2.1.0\Drivers\CMSIS\Device\ST\STM32L4xx\Include

<h2>Collection of Component Files used:</h2>

   * Component: ARM::CMSIS:CORE:5.4.0
Build Time Elapsed:  00:00:09
</pre>
</body>
</html>
