Component: ARM Compiler 5.06 update 4 (build 422) Tool: armlink [4d35d2]

==============================================================================

Section Cross References

    startup_stm32l431xx.o(RESET) refers to startup_stm32l431xx.o(STACK) for __initial_sp
    startup_stm32l431xx.o(RESET) refers to startup_stm32l431xx.o(.text) for Reset_Handler
    startup_stm32l431xx.o(RESET) refers to stm32l4xx_it.o(i.NMI_Handler) for NMI_Handler
    startup_stm32l431xx.o(RESET) refers to stm32l4xx_it.o(i.HardFault_Handler) for HardFault_Handler
    startup_stm32l431xx.o(RESET) refers to stm32l4xx_it.o(i.MemManage_Handler) for MemManage_Handler
    startup_stm32l431xx.o(RESET) refers to stm32l4xx_it.o(i.BusFault_Handler) for BusFault_Handler
    startup_stm32l431xx.o(RESET) refers to stm32l4xx_it.o(i.UsageFault_Handler) for UsageFault_Handler
    startup_stm32l431xx.o(RESET) refers to stm32l4xx_it.o(i.SVC_Handler) for SVC_Handler
    startup_stm32l431xx.o(RESET) refers to stm32l4xx_it.o(i.DebugMon_Handler) for DebugMon_Handler
    startup_stm32l431xx.o(RESET) refers to stm32l4xx_it.o(i.PendSV_Handler) for PendSV_Handler
    startup_stm32l431xx.o(RESET) refers to stm32l4xx_it.o(i.SysTick_Handler) for SysTick_Handler
    startup_stm32l431xx.o(RESET) refers to stm32l4xx_it.o(i.RTC_WKUP_IRQHandler) for RTC_WKUP_IRQHandler
    startup_stm32l431xx.o(RESET) refers to usart.o(i.USART1_IRQHandler) for USART1_IRQHandler
    startup_stm32l431xx.o(RESET) refers to stm32l4xx_it.o(i.EXTI15_10_IRQHandler) for EXTI15_10_IRQHandler
    startup_stm32l431xx.o(.text) refers to system_stm32l4xx.o(i.SystemInit) for SystemInit
    startup_stm32l431xx.o(.text) refers to entry.o(.ARM.Collect$$$$00000000) for __main
    main.o(i.Enter_Shutdown_Mode) refers to stm32l4xx_hal_rtc_ex.o(i.HAL_RTCEx_DeactivateWakeUpTimer) for HAL_RTCEx_DeactivateWakeUpTimer
    main.o(i.Enter_Shutdown_Mode) refers to dfltui.o(.text) for __aeabi_ui2d
    main.o(i.Enter_Shutdown_Mode) refers to dmul.o(.text) for __aeabi_dmul
    main.o(i.Enter_Shutdown_Mode) refers to dadd.o(.text) for __aeabi_dsub
    main.o(i.Enter_Shutdown_Mode) refers to dfixui.o(.text) for __aeabi_d2uiz
    main.o(i.Enter_Shutdown_Mode) refers to stm32l4xx_hal_rtc_ex.o(i.HAL_RTCEx_SetWakeUpTimer_IT) for HAL_RTCEx_SetWakeUpTimer_IT
    main.o(i.Enter_Shutdown_Mode) refers to stm32l4xx_hal_pwr_ex.o(i.HAL_PWREx_EnterSHUTDOWNMode) for HAL_PWREx_EnterSHUTDOWNMode
    main.o(i.Enter_Shutdown_Mode) refers to rtc.o(.bss) for RTCHandle
    main.o(i.Enter_Shutdown_Mode) refers to main.o(.data) for RTC_SleepTime
    main.o(i.Handle_RFSendflag) refers to protocol.o(i.SendtoStation_sx1280_frame) for SendtoStation_sx1280_frame
    main.o(i.Handle_RFSendflag) refers to hw.o(i.HAL_Delay) for HAL_Delay
    main.o(i.Handle_RFSendflag) refers to rng.o(i.Get_random) for Get_random
    main.o(i.Handle_RFSendflag) refers to sx1280.o(i.SX1280ProcessIrqs) for SX1280ProcessIrqs
    main.o(i.Handle_RFSendflag) refers to sx1280_app.o(i.Process_Appstate_0) for Process_Appstate_0
    main.o(i.Handle_RFSendflag) refers to protocol.o(i.Handle_receiveStation_sx1280_frame) for Handle_receiveStation_sx1280_frame
    main.o(i.Handle_RFSendflag) refers to flash.o(i.Write_flash_Parameter) for Write_flash_Parameter
    main.o(i.Handle_RFSendflag) refers to stm32l4xx_hal_rtc_ex.o(i.HAL_RTCEx_BKUPWrite) for HAL_RTCEx_BKUPWrite
    main.o(i.Handle_RFSendflag) refers to flash.o(i.Read_flash_Parameter) for Read_flash_Parameter
    main.o(i.Handle_RFSendflag) refers to sx1280_app.o(i.SX1280_Enter_LowPower) for SX1280_Enter_LowPower
    main.o(i.Handle_RFSendflag) refers to main.o(.data) for Send_Frame_Type
    main.o(i.Handle_RFSendflag) refers to main.o(.bss) for Buffer
    main.o(i.Handle_RFSendflag) refers to protocol.o(.constdata) for Frequency_list
    main.o(i.Handle_RFSendflag) refers to sx1280-hal.o(.constdata) for Radio
    main.o(i.Handle_RFSendflag) refers to sx1280.o(.data) for AppState
    main.o(i.Handle_RFSendflag) refers to sx1280_app.o(.data) for TxIrqMask
    main.o(i.Handle_RFSendflag) refers to protocol.o(.data) for Offset_Delay
    main.o(i.Handle_RFSendflag) refers to rtc.o(.bss) for RTCHandle
    main.o(i.main) refers to hw.o(i.HwInit) for HwInit
    main.o(i.main) refers to flash.o(i.Read_flash_Parameter) for Read_flash_Parameter
    main.o(i.main) refers to iwdg.o(i.MX_IWDG_Init) for MX_IWDG_Init
    main.o(i.main) refers to sx1280_app.o(i.SX1280_Init) for SX1280_Init
    main.o(i.main) refers to rtc.o(i.RTC_Config) for RTC_Config
    main.o(i.main) refers to rtc.o(i.Handle_WakeUpSource) for Handle_WakeUpSource
    main.o(i.main) refers to adc.o(i.Battery_Voltage_Measure) for Battery_Voltage_Measure
    main.o(i.main) refers to main.o(i.Handle_RFSendflag) for Handle_RFSendflag
    main.o(i.main) refers to stm32l4xx_hal_iwdg.o(i.HAL_IWDG_Refresh) for HAL_IWDG_Refresh
    main.o(i.main) refers to main.o(i.Enter_Shutdown_Mode) for Enter_Shutdown_Mode
[...]
    i.SX1280SetTxParams                      0x08006428   Section        0  sx1280.o(i.SX1280SetTxParams)
    i.SX1280SetWhiteningSeed                 0x08006448   Section        0  sx1280.o(i.SX1280SetWhiteningSeed)
    i.SX1280_Enter_LowPower                  0x08006474   Section        0  sx1280_app.o(i.SX1280_Enter_LowPower)
    i.SX1280_Init                            0x080064c0   Section        0  sx1280_app.o(i.SX1280_Init)
    i.SX1280_SendData                        0x08006564   Section        0  sx1280_app.o(i.SX1280_SendData)
    i.SX1280complement2                      0x080065a8   Section        0  sx1280.o(i.SX1280complement2)
    SX1280complement2                        0x080065a9   Thumb Code    26  sx1280.o(i.SX1280complement2)
    i.SendtoStation_sx1280_frame             0x080065c4   Section        0  protocol.o(i.SendtoStation_sx1280_frame)
    i.ShapeChange_Measure                    0x08006808   Section        0  adc.o(i.ShapeChange_Measure)
    i.SpiIn                                  0x0800697c   Section        0  hw-spi.o(i.SpiIn)
    i.SpiInOut                               0x08006998   Section        0  hw-spi.o(i.SpiInOut)
    i.SpiInit                                0x080069c0   Section        0  hw-spi.o(i.SpiInit)
    i.SysTick_Handler                        0x08006a10   Section        0  stm32l4xx_it.o(i.SysTick_Handler)
    i.SystemClock_Config_24M                 0x08006a1c   Section        0  hw.o(i.SystemClock_Config_24M)
    i.SystemInit                             0x08006ac8   Section        0  system_stm32l4xx.o(i.SystemInit)
    i.UART_DMAAbortOnError                   0x08006b18   Section        0  stm32l4xx_hal_uart.o(i.UART_DMAAbortOnError)
    UART_DMAAbortOnError                     0x08006b19   Thumb Code    24  stm32l4xx_hal_uart.o(i.UART_DMAAbortOnError)
    i.UART_EndRxTransfer                     0x08006b30   Section        0  stm32l4xx_hal_uart.o(i.UART_EndRxTransfer)
    UART_EndRxTransfer                       0x08006b31   Thumb Code    36  stm32l4xx_hal_uart.o(i.UART_EndRxTransfer)
    i.UART_EndTransmit_IT                    0x08006b54   Section        0  stm32l4xx_hal_uart.o(i.UART_EndTransmit_IT)
    UART_EndTransmit_IT                      0x08006b55   Thumb Code    34  stm32l4xx_hal_uart.o(i.UART_EndTransmit_IT)
    i.UART_RxISR_16BIT                       0x08006b76   Section        0  stm32l4xx_hal_uart.o(i.UART_RxISR_16BIT)
    UART_RxISR_16BIT                         0x08006b77   Thumb Code   108  stm32l4xx_hal_uart.o(i.UART_RxISR_16BIT)
    i.UART_RxISR_8BIT                        0x08006be2   Section        0  stm32l4xx_hal_uart.o(i.UART_RxISR_8BIT)
    UART_RxISR_8BIT                          0x08006be3   Thumb Code   102  stm32l4xx_hal_uart.o(i.UART_RxISR_8BIT)
    i.USART1_IRQHandler                      0x08006c48   Section        0  usart.o(i.USART1_IRQHandler)
    i.UsageFault_Handler                     0x08006c88   Section        0  stm32l4xx_it.o(i.UsageFault_Handler)
    i.Write_flash_Parameter                  0x08006c8c   Section        0  flash.o(i.Write_flash_Parameter)
    i.__ARM_fpclassify                       0x08006d2c   Section        0  fpclassify.o(i.__ARM_fpclassify)
    i.__NVIC_GetPriorityGrouping             0x08006d5c   Section        0  stm32l4xx_hal_cortex.o(i.__NVIC_GetPriorityGrouping)
    __NVIC_GetPriorityGrouping               0x08006d5d   Thumb Code    10  stm32l4xx_hal_cortex.o(i.__NVIC_GetPriorityGrouping)
    i.__NVIC_SetPriority                     0x08006d6c   Section        0  stm32l4xx_hal_cortex.o(i.__NVIC_SetPriority)
    __NVIC_SetPriority                       0x08006d6d   Thumb Code    32  stm32l4xx_hal_cortex.o(i.__NVIC_SetPriority)
    i.__hardfp_pow                           0x08006d98   Section        0  pow.o(i.__hardfp_pow)
    i.__kernel_poly                          0x08007a18   Section        0  poly.o(i.__kernel_poly)
    i.__mathlib_dbl_divzero                  0x08007b10   Section        0  dunder.o(i.__mathlib_dbl_divzero)
    i.__mathlib_dbl_infnan2                  0x08007b40   Section        0  dunder.o(i.__mathlib_dbl_infnan2)
    i.__mathlib_dbl_invalid                  0x08007b58   Section        0  dunder.o(i.__mathlib_dbl_invalid)
    i.__mathlib_dbl_overflow                 0x08007b78   Section        0  dunder.o(i.__mathlib_dbl_overflow)
    i.__mathlib_dbl_underflow                0x08007b98   Section        0  dunder.o(i.__mathlib_dbl_underflow)
    i.__scatterload_copy                     0x08007bb8   Section       14  handlers.o(i.__scatterload_copy)
    i.__scatterload_null                     0x08007bc6   Section        2  handlers.o(i.__scatterload_null)
    i.__scatterload_zeroinit                 0x08007bc8   Section       14  handlers.o(i.__scatterload_zeroinit)
    i.__set_errno                            0x08007bd8   Section        0  errno.o(i.__set_errno)
    i.fabs                                   0x08007be4   Section        0  fabs.o(i.fabs)
    i.main                                   0x08007bfc   Section        0  main.o(i.main)
    i.sqrt                                   0x08007c7c   Section        0  sqrt.o(i.sqrt)
    .constdata                               0x08007cec   Section       72  system_stm32l4xx.o(.constdata)
    .constdata                               0x08007d34   Section        4  sx1280.o(.constdata)
    .constdata                               0x08007d38   Section      260  sx1280-hal.o(.constdata)
    .constdata                               0x08007e3c   Section      632  protocol.o(.constdata)
    auchCRCHi                                0x08007eb4   Data         256  protocol.o(.constdata)
    auchCRCLo                                0x08007fb4   Data         256  protocol.o(.constdata)
    .constdata                               0x080080b8   Section      136  pow.o(.constdata)
    bp                                       0x080080b8   Data          16  pow.o(.constdata)
    dp_h                                     0x080080c8   Data          16  pow.o(.constdata)
    dp_l                                     0x080080d8   Data          16  pow.o(.constdata)
    L                                        0x080080e8   Data          48  pow.o(.constdata)
    P                                        0x08008118   Data          40  pow.o(.constdata)
    .constdata                               0x08008140   Section        8  qnan.o(.constdata)
    .data                                    0x20000000   Section       80  main.o(.data)
    .data                                    0x20000050   Section        4  stm32l4xx_hal.o(.data)
    .data                                    0x20000054   Section       32  stm32l4xx_hal_flash.o(.data)
    .data                                    0x20000074   Section        4  system_stm32l4xx.o(.data)
    .data                                    0x20000078   Section        7  usart.o(.data)
    .data                                    0x20000080   Section        8  flash.o(.data)
    .data                                    0x20000088   Section       20  adc.o(.data)
    .data                                    0x2000009c   Section        8  rtc.o(.data)
    .data                                    0x200000a4   Section       17  sx1280.o(.data)
    OperatingMode                            0x200000a5   Data           1  sx1280.o(.data)
    PacketType                               0x200000a6   Data           1  sx1280.o(.data)
    LoRaBandwidth                            0x200000a7   Data           1  sx1280.o(.data)
    PollingMode                              0x200000a8   Data           1  sx1280.o(.data)
    RadioCallbacks                           0x200000b0   Data           4  sx1280.o(.data)
    .data                                    0x200000b8   Section       23  protocol.o(.data)
    .data                                    0x200000d0   Section       84  sx1280_app.o(.data)
    RadioCallbacks                           0x200000fc   Data           4  sx1280_app.o(.data)
    .data                                    0x20000124   Section        4  errno.o(.data)
    _errno                                   0x20000124   Data           4  errno.o(.data)
    .bss                                     0x20000128   Section      212  main.o(.bss)
    .bss                                     0x200001fc   Section      144  stm32l4xx_hal_msp.o(.bss)
    hdma_tx                                  0x200001fc   Data          72  stm32l4xx_hal_msp.o(.bss)
    hdma_rx                                  0x20000244   Data          72  stm32l4xx_hal_msp.o(.bss)
    .bss                                     0x2000028c   Section       64  hw-gpio.o(.bss)
    GpioIrq                                  0x2000028c   Data          64  hw-gpio.o(.bss)
    .bss                                     0x200002cc   Section      100  hw-spi.o(.bss)
    .bss                                     0x20000330   Section      620  usart.o(.bss)
    .bss                                     0x2000059c   Section      104  adc.o(.bss)
    .bss                                     0x20000604   Section       36  rtc.o(.bss)
    .bss                                     0x20000628   Section       16  iwdg.o(.bss)
    .bss                                     0x20000638   Section       16  rng.o(.bss)
    .bss                                     0x20000648   Section     8190  sx1280-hal.o(.bss)
    halTxBuffer                              0x20000648   Data        4095  sx1280-hal.o(.bss)
    halRxBuffer                              0x20001647   Data        4095  sx1280-hal.o(.bss)
    .bss                                     0x20002646   Section       60  sx1280_app.o(.bss)
    STACK                                    0x20002688   Section     1024  startup_stm32l431xx.o(STACK)

    Global Symbols

    Symbol Name                              Value     Ov Type        Size  Object(Section)

    BuildAttributes$$THM_ISAv4$E$P$D$K$B$S$7EM$VFPi3$EXTD16$VFPS$VFMA$PE$A:L22UL41UL21$X:L11$S22US41US21$IEEE1$IW$USESV6$~STKCKD$USESV7$~SHL$OTIME$ROPI$IEEEX$EBA8$MICROLIB$REQ8$PRES8$EABIv2 0x00000000   Number         0  anon$$obj.o ABSOLUTE
    __ARM_use_no_argv                        0x00000000   Number         0  main.o ABSOLUTE
    __cpp_initialize__aeabi_                  - Undefined Weak Reference
    __cxa_finalize                            - Undefined Weak Reference
    __decompress                              - Undefined Weak Reference
    _clock_init                               - Undefined Weak Reference
    _microlib_exit                            - Undefined Weak Reference
    _scanf_longlong                           - Undefined Weak Reference
    _scanf_real                               - Undefined Weak Reference
    _scanf_string                             - Undefined Weak Reference
    __Vectors_Size                           0x0000018c   Number         0  startup_stm32l431xx.o ABSOLUTE
    __Vectors                                0x08000000   Data           4  startup_stm32l431xx.o(RESET)
    __Vectors_End                            0x0800018c   Data           0  startup_stm32l431xx.o(RESET)
    __main                                   0x0800018d   Thumb Code     0  entry.o(.ARM.Collect$$$$00000000)
    _main_stk                                0x0800018d   Thumb Code     0  entry2.o(.ARM.Collect$$$$00000001)
    _main_scatterload                        0x08000191   Thumb Code     0  entry5.o(.ARM.Collect$$$$00000004)
    __main_after_scatterload                 0x08000195   Thumb Code     0  entry5.o(.ARM.Collect$$$$00000004)
    _main_clock                              0x08000195   Thumb Code     0  entry7b.o(.ARM.Collect$$$$00000008)
    _main_cpp_init                           0x08000195   Thumb Code     0  entry8b.o(.ARM.Collect$$$$0000000A)
    _main_init                               0x08000195   Thumb Code     0  entry9a.o(.ARM.Collect$$$$0000000B)
    __rt_final_cpp                           0x0800019d   Thumb Code     0  entry10a.o(.ARM.Collect$$$$0000000D)
    __rt_final_exit                          0x0800019d   Thumb Code     0  entry11a.o(.ARM.Collect$$$$0000000F)
    Reset_Handler                            0x080001a1   Thumb Code     8  startup_stm32l431xx.o(.text)
    ADC1_IRQHandler                          0x080001bb   Thumb Code     0  startup_stm32l431xx.o(.text)
    CAN1_RX0_IRQHandler                      0x080001bb   Thumb Code     0  startup_stm32l431xx.o(.text)
    CAN1_RX1_IRQHandler                      0x080001bb   Thumb Code     0  startup_stm32l431xx.o(.text)
    CAN1_SCE_IRQHandler                      0x080001bb   Thumb Code     0  startup_stm32l431xx.o(.text)
    CAN1_TX_IRQHandler                       0x080001bb   Thumb Code     0  startup_stm32l431xx.o(.text)
    COMP_IRQHandler                          0x080001bb   Thumb Code     0  startup_stm32l431xx.o(.text)
    CRS_IRQHandler                           0x080001bb   Thumb Code     0  startup_stm32l431xx.o(.text)
    DMA1_Channel1_IRQHandler                 0x080001bb   Thumb Code     0  startup_stm32l431xx.o(.text)
    DMA1_Channel2_IRQHandler                 0x080001bb   Thumb Code     0  startup_stm32l431xx.o(.text)
    DMA1_Channel3_IRQHandler                 0x080001bb   Thumb Code     0  startup_stm32l431xx.o(.text)
    DMA1_Channel4_IRQHandler                 0x080001bb   Thumb Code     0  startup_stm32l431xx.o(.text)
    DMA1_Channel5_IRQHandler                 0x080001bb   Thumb Code     0  startup_stm32l431xx.o(.text)
    DMA1_Channel6_IRQHandler                 0x080001bb   Thumb Code     0  startup_stm32l431xx.o(.text)
    DMA1_Channel7_IRQHandler                 0x080001bb   Thumb Code     0  startup_stm32l431xx.o(.text)
    DMA2_Channel1_IRQHandler                 0x080001bb   Thumb Code     0  startup_stm32l431xx.o(.text)
    DMA2_Channel2_IRQHandler                 0x080001bb   Thumb Code     0  startup_stm32l431xx.o(.text)
    DMA2_Channel3_IRQHandler                 0x080001bb   Thumb Code     0  startup_stm32l431xx.o(.text)
    DMA2_Channel4_IRQHandler                 0x080001bb   Thumb Code     0  startup_stm32l431xx.o(.text)
    DMA2_Channel5_IRQHandler                 0x080001bb   Thumb Code     0  startup_stm32l431xx.o(.text)
    DMA2_Channel6_IRQHandler                 0x080001bb   Thumb Code     0  startup_stm32l431xx.o(.text)
    DMA2_Channel7_IRQHandler                 0x080001bb   Thumb Code     0  startup_stm32l431xx.o(.text)
    EXTI0_IRQHandler                         0x080001bb   Thumb Code     0  startup_stm32l431xx.o(.text)
    EXTI1_IRQHandler                         0x080001bb   Thumb Code     0  startup_stm32l431xx.o(.text)
    EXTI2_IRQHandler                         0x080001bb   Thumb Code     0  startup_stm32l431xx.o(.text)
    EXTI3_IRQHandler                         0x080001bb   Thumb Code     0  startup_stm32l431xx.o(.text)
    EXTI4_IRQHandler                         0x080001bb   Thumb Code     0  startup_stm32l431xx.o(.text)
    EXTI9_5_IRQHandler                       0x080001bb   Thumb Code     0  startup_stm32l431xx.o(.text)
    FLASH_IRQHandler                         0x080001bb   Thumb Code     0  startup_stm32l431xx.o(.text)
    FPU_IRQHandler                           0x080001bb   Thumb Code     0  startup_stm32l431xx.o(.text)
    I2C1_ER_IRQHandler                       0x080001bb   Thumb Code     0  startup_stm32l431xx.o(.text)
    I2C1_EV_IRQHandler                       0x080001bb   Thumb Code     0  startup_stm32l431xx.o(.text)
    I2C2_ER_IRQHandler                       0x080001bb   Thumb Code     0  startup_stm32l431xx.o(.text)
    I2C2_EV_IRQHandler                       0x080001bb   Thumb Code     0  startup_stm32l431xx.o(.text)
    I2C3_ER_IRQHandler                       0x080001bb   Thumb Code     0  startup_stm32l431xx.o(.text)
    I2C3_EV_IRQHandler                       0x080001bb   Thumb Code     0  startup_stm32l431xx.o(.text)
    LPTIM1_IRQHandler                        0x080001bb   Thumb Code     0  startup_stm32l431xx.o(.text)
    LPTIM2_IRQHandler                        0x080001bb   Thumb Code     0  startup_stm32l431xx.o(.text)
    LPUART1_IRQHandler                       0x080001bb   Thumb Code     0  startup_stm32l431xx.o(.text)
    PVD_PVM_IRQHandler                       0x080001bb   Thumb Code     0  startup_stm32l431xx.o(.text)
    QUADSPI_IRQHandler                       0x080001bb   Thumb Code     0  startup_stm32l431xx.o(.text)
    RCC_IRQHandler                           0x080001bb   Thumb Code     0  startup_stm32l431xx.o(.text)
    RNG_IRQHandler                           0x080001bb   Thumb Code     0  startup_stm32l431xx.o(.text)
    RTC_Alarm_IRQHandler                     0x080001bb   Thumb Code     0  startup_stm32l431xx.o(.text)
    SAI1_IRQHandler                          0x080001bb   Thumb Code     0  startup_stm32l431xx.o(.text)
    SDMMC1_IRQHandler                        0x080001bb   Thumb Code     0  startup_stm32l431xx.o(.text)
    SPI1_IRQHandler                          0x080001bb   Thumb Code     0  startup_stm32l431xx.o(.text)
    SPI2_IRQHandler                          0x080001bb   Thumb Code     0  startup_stm32l431xx.o(.text)
    SPI3_IRQHandler                          0x080001bb   Thumb Code     0  startup_stm32l431xx.o(.text)
    SWPMI1_IRQHandler                        0x080001bb   Thumb Code     0  startup_stm32l431xx.o(.text)
    TAMP_STAMP_IRQHandler                    0x080001bb   Thumb Code     0  startup_stm32l431xx.o(.text)
    TIM1_BRK_TIM15_IRQHandler                0x080001bb   Thumb Code     0  startup_stm32l431xx.o(.text)
    TIM1_CC_IRQHandler                       0x080001bb   Thumb Code     0  startup_stm32l431xx.o(.text)
    TIM1_TRG_COM_IRQHandler                  0x080001bb   Thumb Code     0  startup_stm32l431xx.o(.text)
    TIM1_UP_TIM16_IRQHandler                 0x080001bb   Thumb Code     0  startup_stm32l431xx.o(.text)
    TIM2_IRQHandler                          0x080001bb   Thumb Code     0  startup_stm32l431xx.o(.text)
    TIM6_DAC_IRQHandler                      0x080001bb   Thumb Code     0  startup_stm32l431xx.o(.text)
    TIM7_IRQHandler                          0x080001bb   Thumb Code     0  startup_stm32l431xx.o(.text)
    TSC_IRQHandler                           0x080001bb   Thumb Code     0  startup_stm32l431xx.o(.text)
    USART2_IRQHandler                        0x080001bb   Thumb Code     0  startup_stm32l431xx.o(.text)
    USART3_IRQHandler                        0x080001bb   Thumb Code     0  startup_stm32l431xx.o(.text)
    WWDG_IRQHandler                          0x080001bb   Thumb Code     0  startup_stm32l431xx.o(.text)
    __aeabi_memcpy                           0x080001c5   Thumb Code    36  memcpya.o(.text)
    __aeabi_memcpy4                          0x080001c5   Thumb Code     0  memcpya.o(.text)
    __aeabi_memcpy8                          0x080001c5   Thumb Code     0  memcpya.o(.text)
    __aeabi_dadd                             0x080001e9   Thumb Code   322  dadd.o(.text)
    __aeabi_dsub                             0x0800032b   Thumb Code     6  dadd.o(.text)
    __aeabi_drsub                            0x08000331   Thumb Code     6  dadd.o(.text)
    __aeabi_dmul                             0x08000347   Thumb Code   228  dmul.o(.text)
    __aeabi_ddiv                             0x08000431   Thumb Code   222  ddiv.o(.text)
    __aeabi_i2d                              0x0800050f   Thumb Code    34  dflti.o(.text)
    __aeabi_ui2d                             0x08000531   Thumb Code    26  dfltui.o(.text)
    __aeabi_d2uiz                            0x0800054b   Thumb Code    50  dfixui.o(.text)
    __aeabi_f2d                              0x0800057d   Thumb Code    38  f2d.o(.text)
    __aeabi_d2f                              0x080005a3   Thumb Code    56  d2f.o(.text)
    __aeabi_llsl                             0x080005db   Thumb Code    30  llshl.o(.text)
    _ll_shift_l                              0x080005db   Thumb Code     0  llshl.o(.text)
    __aeabi_llsr                             0x080005f9   Thumb Code    32  llushr.o(.text)
    _ll_ushift_r                             0x080005f9   Thumb Code     0  llushr.o(.text)
    __aeabi_lasr                             0x08000619   Thumb Code    36  llsshr.o(.text)
    _ll_sshift_r                             0x08000619   Thumb Code     0  llsshr.o(.text)
    __I$use$fp                               0x0800063d   Thumb Code     0  iusefp.o(.text)
    _float_round                             0x0800063d   Thumb Code    18  fepilogue.o(.text)
    _float_epilogue                          0x0800064f   Thumb Code    92  fepilogue.o(.text)
    _double_round                            0x080006ab   Thumb Code    30  depilogue.o(.text)
    _double_epilogue                         0x080006c9   Thumb Code   156  depilogue.o(.text)
    __ARM_scalbn                             0x08000765   Thumb Code    46  dscalb.o(.text)
    scalbn                                   0x08000765   Thumb Code     0  dscalb.o(.text)
    __aeabi_cdrcmple                         0x08000795   Thumb Code    48  cdrcmple.o(.text)
    __scatterload                            0x080007c5   Thumb Code    28  init.o(.text)
    __scatterload_rt2                        0x080007c5   Thumb Code     0  init.o(.text)
    _dsqrt                                   0x080007e9   Thumb Code   162  dsqrt.o(.text)
    ADC1toChanel_5                           0x0800088d   Thumb Code    46  adc.o(i.ADC1toChanel_5)
    ADC1toChanel_7                           0x080008c5   Thumb Code    46  adc.o(i.ADC1toChanel_7)
    ADC1toChanel_8                           0x080008fd   Thumb Code    46  adc.o(i.ADC1toChanel_8)
    ADC_Disable                              0x08000935   Thumb Code   152  stm32l4xx_hal_adc.o(i.ADC_Disable)
    ADC_Enable                               0x080009d1   Thumb Code   188  stm32l4xx_hal_adc.o(i.ADC_Enable)
    Battery_Voltage_Measure                  0x08000a99   Thumb Code   530  adc.o(i.Battery_Voltage_Measure)
    BusFault_Handler                         0x08000cfd   Thumb Code     4  stm32l4xx_it.o(i.BusFault_Handler)
    DebugMon_Handler                         0x08000d01   Thumb Code     2  stm32l4xx_it.o(i.DebugMon_Handler)
    EXTI15_10_IRQHandler                     0x08000d03   Thumb Code    12  stm32l4xx_it.o(i.EXTI15_10_IRQHandler)
    Enter_Shutdown_Mode                      0x08000d11   Thumb Code   104  main.o(i.Enter_Shutdown_Mode)
    Error_Handler                            0x08000d9d   Thumb Code    32  hw.o(i.Error_Handler)
    FLASH_FlushCaches                        0x08000dc1   Thumb Code   100  stm32l4xx_hal_flash_ex.o(i.FLASH_FlushCaches)
    FLASH_PageErase                          0x08000e51   Thumb Code    34  stm32l4xx_hal_flash_ex.o(i.FLASH_PageErase)
    FLASH_WaitForLastOperation               0x08000ec1   Thumb Code   142  stm32l4xx_hal_flash.o(i.FLASH_WaitForLastOperation)
    Flash_If_DeInit                          0x08000f5d   Thumb Code    10  flash.o(i.Flash_If_DeInit)
    Flash_If_Erase                           0x08000f69   Thumb Code    64  flash.o(i.Flash_If_Erase)
    Flash_If_Init                            0x08000fad   Thumb Code    10  flash.o(i.Flash_If_Init)
    Flash_If_Read                            0x08000fb7   Thumb Code    28  flash.o(i.Flash_If_Read)
    Flash_If_Write                           0x08000fd5   Thumb Code    86  flash.o(i.Flash_If_Write)
    Get_random                               0x08001089   Thumb Code   224  rng.o(i.Get_random)
    GpioGetBitPos                            0x08001195   Thumb Code    52  hw-gpio.o(i.GpioGetBitPos)
    GpioInit                                 0x080011c9   Thumb Code   276  hw-gpio.o(i.GpioInit)
    GpioLaunchIrqHandler                     0x080012e9   Thumb Code    30  hw-gpio.o(i.GpioLaunchIrqHandler)
    GpioRead                                 0x0800130d   Thumb Code    16  hw-gpio.o(i.GpioRead)
    GpioSetIrq                               0x0800131d   Thumb Code    56  hw-gpio.o(i.GpioSetIrq)
    GpioWrite                                0x08001359   Thumb Code    20  hw-gpio.o(i.GpioWrite)
    HAL_ADCEx_Calibration_Start              0x0800136d   Thumb Code   172  stm32l4xx_hal_adc_ex.o(i.HAL_ADCEx_Calibration_Start)
    HAL_ADC_ConfigChannel                    0x08001419   Thumb Code  1246  stm32l4xx_hal_adc.o(i.HAL_ADC_ConfigChannel)
    HAL_ADC_GetValue                         0x08001915   Thumb Code     8  stm32l4xx_hal_adc.o(i.HAL_ADC_GetValue)
    HAL_ADC_Init                             0x0800191d   Thumb Code   474  stm32l4xx_hal_adc.o(i.HAL_ADC_Init)
    HAL_ADC_MspInit                          0x08001b11   Thumb Code    68  stm32l4xx_hal_msp.o(i.HAL_ADC_MspInit)
    HAL_ADC_PollForConversion                0x08001b5d   Thumb Code   198  stm32l4xx_hal_adc.o(i.HAL_ADC_PollForConversion)
    HAL_ADC_Start                            0x08001c23   Thumb Code   160  stm32l4xx_hal_adc.o(i.HAL_ADC_Start)
    HAL_DMA_Abort_IT                         0x08001cc3   Thumb Code    92  stm32l4xx_hal_dma.o(i.HAL_DMA_Abort_IT)
    HAL_DMA_Init                             0x08001d21   Thumb Code   258  stm32l4xx_hal_dma.o(i.HAL_DMA_Init)
    HAL_Delay                                0x08001e2d   Thumb Code    26  hw.o(i.HAL_Delay)
    HAL_FLASHEx_Erase                        0x08001e49   Thumb Code   260  stm32l4xx_hal_flash_ex.o(i.HAL_FLASHEx_Erase)
    HAL_FLASH_Lock                           0x08001f55   Thumb Code    16  stm32l4xx_hal_flash.o(i.HAL_FLASH_Lock)
    HAL_FLASH_Program                        0x08001f69   Thumb Code   182  stm32l4xx_hal_flash.o(i.HAL_FLASH_Program)
    HAL_FLASH_Unlock                         0x08002029   Thumb Code    36  stm32l4xx_hal_flash.o(i.HAL_FLASH_Unlock)
    HAL_GPIO_EXTI_Callback                   0x08002059   Thumb Code    12  hw.o(i.HAL_GPIO_EXTI_Callback)
    HAL_GPIO_EXTI_IRQHandler                 0x08002065   Thumb Code    24  stm32l4xx_hal_gpio.o(i.HAL_GPIO_EXTI_IRQHandler)
    HAL_GPIO_Init                            0x08002081   Thumb Code   432  stm32l4xx_hal_gpio.o(i.HAL_GPIO_Init)
    HAL_GPIO_ReadPin                         0x0800224d   Thumb Code    16  stm32l4xx_hal_gpio.o(i.HAL_GPIO_ReadPin)
    HAL_GPIO_WritePin                        0x0800225d   Thumb Code    10  stm32l4xx_hal_gpio.o(i.HAL_GPIO_WritePin)
    HAL_GetTick                              0x08002269   Thumb Code     6  stm32l4xx_hal.o(i.HAL_GetTick)
    HAL_IWDG_Init                            0x08002275   Thumb Code    98  stm32l4xx_hal_iwdg.o(i.HAL_IWDG_Init)
    HAL_IWDG_Refresh                         0x080022d7   Thumb Code    14  stm32l4xx_hal_iwdg.o(i.HAL_IWDG_Refresh)
    HAL_IncTick                              0x080022e5   Thumb Code    12  stm32l4xx_hal.o(i.HAL_IncTick)
    HAL_Init                                 0x080022f5   Thumb Code    22  stm32l4xx_hal.o(i.HAL_Init)
    HAL_InitTick                             0x0800230d   Thumb Code    36  stm32l4xx_hal.o(i.HAL_InitTick)
    HAL_MspInit                              0x08002335   Thumb Code   140  stm32l4xx_hal_msp.o(i.HAL_MspInit)
    HAL_NVIC_EnableIRQ                       0x080023c5   Thumb Code    40  stm32l4xx_hal_cortex.o(i.HAL_NVIC_EnableIRQ)
    HAL_NVIC_SetPriority                     0x080023ed   Thumb Code   124  stm32l4xx_hal_cortex.o(i.HAL_NVIC_SetPriority)
    HAL_NVIC_SetPriorityGrouping             0x08002471   Thumb Code    32  stm32l4xx_hal_cortex.o(i.HAL_NVIC_SetPriorityGrouping)
    HAL_PWREx_ControlVoltageScaling          0x08002499   Thumb Code   128  stm32l4xx_hal_pwr_ex.o(i.HAL_PWREx_ControlVoltageScaling)
    HAL_PWREx_EnterSHUTDOWNMode              0x08002525   Thumb Code    34  stm32l4xx_hal_pwr_ex.o(i.HAL_PWREx_EnterSHUTDOWNMode)
    HAL_PWREx_GetVoltageRange                0x08002551   Thumb Code    10  stm32l4xx_hal_pwr_ex.o(i.HAL_PWREx_GetVoltageRange)
    HAL_PWR_EnableBkUpAccess                 0x08002561   Thumb Code    14  stm32l4xx_hal_pwr.o(i.HAL_PWR_EnableBkUpAccess)
    HAL_RCCEx_EnableMSIPLLMode               0x08002575   Thumb Code    14  stm32l4xx_hal_rcc_ex.o(i.HAL_RCCEx_EnableMSIPLLMode)
    HAL_RCCEx_PeriphCLKConfig                0x08002589   Thumb Code   896  stm32l4xx_hal_rcc_ex.o(i.HAL_RCCEx_PeriphCLKConfig)
    HAL_RCC_ClockConfig                      0x08002911   Thumb Code   348  stm32l4xx_hal_rcc.o(i.HAL_RCC_ClockConfig)
    HAL_RCC_GetHCLKFreq                      0x08002a7d   Thumb Code     6  stm32l4xx_hal_rcc.o(i.HAL_RCC_GetHCLKFreq)
    HAL_RCC_GetSysClockFreq                  0x08002a89   Thumb Code   252  stm32l4xx_hal_rcc.o(i.HAL_RCC_GetSysClockFreq)
    HAL_RCC_OscConfig                        0x08002b95   Thumb Code  1676  stm32l4xx_hal_rcc.o(i.HAL_RCC_OscConfig)
    HAL_RNG_DeInit                           0x0800322d   Thumb Code    56  stm32l4xx_hal_rng.o(i.HAL_RNG_DeInit)
    HAL_RNG_GenerateRandomNumber             0x08003265   Thumb Code   118  stm32l4xx_hal_rng.o(i.HAL_RNG_GenerateRandomNumber)
    HAL_RNG_GetRandomNumber                  0x080032db   Thumb Code    24  stm32l4xx_hal_rng.o(i.HAL_RNG_GetRandomNumber)
    HAL_RNG_Init                             0x080032f3   Thumb Code    52  stm32l4xx_hal_rng.o(i.HAL_RNG_Init)
    HAL_RNG_MspDeInit                        0x08003329   Thumb Code    24  stm32l4xx_hal_msp.o(i.HAL_RNG_MspDeInit)
    HAL_RNG_MspInit                          0x08003345   Thumb Code    56  stm32l4xx_hal_msp.o(i.HAL_RNG_MspInit)
    HAL_RTCEx_BKUPRead                       0x08003381   Thumb Code    18  stm32l4xx_hal_rtc_ex.o(i.HAL_RTCEx_BKUPRead)
    HAL_RTCEx_BKUPWrite                      0x08003393   Thumb Code    18  stm32l4xx_hal_rtc_ex.o(i.HAL_RTCEx_BKUPWrite)
    HAL_RTCEx_DeactivateWakeUpTimer          0x080033a5   Thumb Code   166  stm32l4xx_hal_rtc_ex.o(i.HAL_RTCEx_DeactivateWakeUpTimer)
    HAL_RTCEx_SetWakeUpTimer_IT              0x0800344d   Thumb Code   328  stm32l4xx_hal_rtc_ex.o(i.HAL_RTCEx_SetWakeUpTimer_IT)
    HAL_RTCEx_WakeUpTimerEventCallback       0x08003599   Thumb Code     2  stm32l4xx_hal_rtc_ex.o(i.HAL_RTCEx_WakeUpTimerEventCallback)
    HAL_RTCEx_WakeUpTimerIRQHandler          0x0800359d   Thumb Code    52  stm32l4xx_hal_rtc_ex.o(i.HAL_RTCEx_WakeUpTimerIRQHandler)
    HAL_RTC_Init                             0x080035d5   Thumb Code   228  stm32l4xx_hal_rtc.o(i.HAL_RTC_Init)
    HAL_RTC_MspInit                          0x080036bd   Thumb Code    88  stm32l4xx_hal_msp.o(i.HAL_RTC_MspInit)
    HAL_RTC_WaitForSynchro                   0x08003719   Thumb Code    58  stm32l4xx_hal_rtc.o(i.HAL_RTC_WaitForSynchro)
    HAL_SPIEx_FlushRxFifo                    0x08003753   Thumb Code    44  stm32l4xx_hal_spi_ex.o(i.HAL_SPIEx_FlushRxFifo)
    HAL_SPI_Init                             0x0800377f   Thumb Code   192  stm32l4xx_hal_spi.o(i.HAL_SPI_Init)
    HAL_SPI_MspInit                          0x08003841   Thumb Code   298  stm32l4xx_hal_msp.o(i.HAL_SPI_MspInit)
    HAL_SPI_Transmit                         0x08003981   Thumb Code   440  stm32l4xx_hal_spi.o(i.HAL_SPI_Transmit)
    HAL_SPI_TransmitReceive                  0x08003b39   Thumb Code   644  stm32l4xx_hal_spi.o(i.HAL_SPI_TransmitReceive)
    HAL_SYSTICK_CLKSourceConfig              0x08003dc3   Thumb Code    40  stm32l4xx_hal_cortex.o(i.HAL_SYSTICK_CLKSourceConfig)
    HAL_SYSTICK_Callback                     0x08003ded   Thumb Code    28  stm32l4xx_it.o(i.HAL_SYSTICK_Callback)
    HAL_SYSTICK_Config                       0x08003e11   Thumb Code    52  stm32l4xx_hal_cortex.o(i.HAL_SYSTICK_Config)
    HAL_SYSTICK_IRQHandler                   0x08003e45   Thumb Code     8  stm32l4xx_hal_cortex.o(i.HAL_SYSTICK_IRQHandler)
    HAL_UARTEx_WakeupCallback                0x08003e4d   Thumb Code     2  stm32l4xx_hal_uart_ex.o(i.HAL_UARTEx_WakeupCallback)
    HAL_UART_ErrorCallback                   0x08003e4f   Thumb Code     2  stm32l4xx_hal_uart.o(i.HAL_UART_ErrorCallback)
    HAL_UART_GetState                        0x08003e51   Thumb Code    20  stm32l4xx_hal_uart.o(i.HAL_UART_GetState)
    HAL_UART_IRQHandler                      0x08003e65   Thumb Code   392  stm32l4xx_hal_uart.o(i.HAL_UART_IRQHandler)
    HAL_UART_Receive_IT                      0x08003ff1   Thumb Code   214  stm32l4xx_hal_uart.o(i.HAL_UART_Receive_IT)
    HAL_UART_RxCpltCallback                  0x080040d1   Thumb Code   120  usart.o(i.HAL_UART_RxCpltCallback)
    HAL_UART_TxCpltCallback                  0x08004159   Thumb Code     2  stm32l4xx_hal_uart.o(i.HAL_UART_TxCpltCallback)
    Handle_RFSendflag                        0x0800415d   Thumb Code   440  main.o(i.Handle_RFSendflag)
    Handle_WakeUpSource                      0x0800434d   Thumb Code   296  rtc.o(i.Handle_WakeUpSource)
    Handle_receiveStation_sx1280_frame       0x0800449d   Thumb Code   994  protocol.o(i.Handle_receiveStation_sx1280_frame)
    HardFault_Handler                        0x080048a9   Thumb Code     4  stm32l4xx_it.o(i.HardFault_Handler)
    HwInit                                   0x080048ad   Thumb Code    20  hw.o(i.HwInit)
    MSP_GetIRQn                              0x08004985   Thumb Code   144  stm32l4xx_hal_msp.o(i.MSP_GetIRQn)
    MX_ADC1_Init                             0x08004a15   Thumb Code   110  adc.o(i.MX_ADC1_Init)
    MX_IWDG_Init                             0x08004a91   Thumb Code    38  iwdg.o(i.MX_IWDG_Init)
    MemManage_Handler                        0x08004ac1   Thumb Code     4  stm32l4xx_it.o(i.MemManage_Handler)
    NMI_Handler                              0x08004ac5   Thumb Code     2  stm32l4xx_it.o(i.NMI_Handler)
    OnRxDone                                 0x08004ac9   Thumb Code     8  sx1280_app.o(i.OnRxDone)
    OnRxError                                0x08004ad5   Thumb Code     8  sx1280_app.o(i.OnRxError)
    OnRxTimeout                              0x08004ae1   Thumb Code     8  sx1280_app.o(i.OnRxTimeout)
    OnTxDone                                 0x08004aed   Thumb Code     8  sx1280_app.o(i.OnTxDone)
    OnTxTimeout                              0x08004af9   Thumb Code     8  sx1280_app.o(i.OnTxTimeout)
    PendSV_Handler                           0x08004b05   Thumb Code     2  stm32l4xx_it.o(i.PendSV_Handler)
    Process_Appstate_0                       0x08004b09   Thumb Code   236  sx1280_app.o(i.Process_Appstate_0)
    RTC_Config                               0x08004e39   Thumb Code    42  rtc.o(i.RTC_Config)
    RTC_EnterInitMode                        0x08004e6d   Thumb Code    62  stm32l4xx_hal_rtc.o(i.RTC_EnterInitMode)
    RTC_WKUP_IRQHandler                      0x08004ead   Thumb Code    10  stm32l4xx_it.o(i.RTC_WKUP_IRQHandler)
    RTU_CRC                                  0x08004ebd   Thumb Code    48  protocol.o(i.RTU_CRC)
    Read_flash_Parameter                     0x08004ef5   Thumb Code   154  flash.o(i.Read_flash_Parameter)
    SVC_Handler                              0x08005169   Thumb Code     2  stm32l4xx_it.o(i.SVC_Handler)
    SX1280Calibrate                          0x0800516b   Thumb Code    86  sx1280.o(i.SX1280Calibrate)
    SX1280ClearIrqStatus                     0x080051c1   Thumb Code    28  sx1280.o(i.SX1280ClearIrqStatus)
    SX1280GetFirmwareVersion                 0x080051dd   Thumb Code    26  sx1280.o(i.SX1280GetFirmwareVersion)
    SX1280GetFrequencyError                  0x080051f9   Thumb Code   248  sx1280.o(i.SX1280GetFrequencyError)
    SX1280GetIrqStatus                       0x0800531d   Thumb Code    26  sx1280.o(i.SX1280GetIrqStatus)
    SX1280GetLoRaBandwidth                   0x08005339   Thumb Code    46  sx1280.o(i.SX1280GetLoRaBandwidth)
    SX1280GetOpMode                          0x0800537d   Thumb Code     6  sx1280.o(i.SX1280GetOpMode)
    SX1280GetPacketStatus                    0x08005389   Thumb Code   776  sx1280.o(i.SX1280GetPacketStatus)
    SX1280GetPacketType                      0x08005691   Thumb Code     6  sx1280.o(i.SX1280GetPacketType)
    SX1280GetPayload                         0x0800569d   Thumb Code    42  sx1280.o(i.SX1280GetPayload)
    SX1280GetRangingResult                   0x080056c9   Thumb Code   292  sx1280.o(i.SX1280GetRangingResult)
    SX1280GetRssiInst                        0x0800580d   Thumb Code    32  sx1280.o(i.SX1280GetRssiInst)
    SX1280GetRxBufferStatus                  0x0800582d   Thumb Code    84  sx1280.o(i.SX1280GetRxBufferStatus)
    SX1280GetStatus                          0x08005881   Thumb Code    30  sx1280.o(i.SX1280GetStatus)
    SX1280HalGetDioStatus                    0x0800589f   Thumb Code    36  sx1280-hal.o(i.SX1280HalGetDioStatus)
    SX1280HalInit                            0x080058c3   Thumb Code    12  sx1280-hal.o(i.SX1280HalInit)
    SX1280HalIoIrqInit                       0x080058cf   Thumb Code    22  sx1280-hal.o(i.SX1280HalIoIrqInit)
    SX1280HalReadBuffer                      0x080058e5   Thumb Code   104  sx1280-hal.o(i.SX1280HalReadBuffer)
    SX1280HalReadCommand                     0x08005955   Thumb Code   102  sx1280-hal.o(i.SX1280HalReadCommand)
    SX1280HalReadRegister                    0x080059c5   Thumb Code    20  sx1280-hal.o(i.SX1280HalReadRegister)
    SX1280HalReadRegisters                   0x080059d9   Thumb Code   108  sx1280-hal.o(i.SX1280HalReadRegisters)
    SX1280HalReset                           0x08005a4d   Thumb Code    42  sx1280-hal.o(i.SX1280HalReset)
    SX1280HalWaitOnBusy                      0x08005a77   Thumb Code    22  sx1280-hal.o(i.SX1280HalWaitOnBusy)
    SX1280HalWriteBuffer                     0x08005a8d   Thumb Code    78  sx1280-hal.o(i.SX1280HalWriteBuffer)
    SX1280HalWriteCommand                    0x08005ae1   Thumb Code    76  sx1280-hal.o(i.SX1280HalWriteCommand)
    SX1280HalWriteRegister                   0x08005b31   Thumb Code    16  sx1280-hal.o(i.SX1280HalWriteRegister)
    SX1280HalWriteRegisters                  0x08005b41   Thumb Code    82  sx1280-hal.o(i.SX1280HalWriteRegisters)
    SX1280Init                               0x08005b99   Thumb Code    16  sx1280.o(i.SX1280Init)
    SX1280OnDioIrq                           0x08005bb1   Thumb Code     8  sx1280.o(i.SX1280OnDioIrq)
    SX1280ProcessIrqs                        0x08005bbd   Thumb Code   164  sx1280.o(i.SX1280ProcessIrqs)
    SX1280RangingClearFilterResult           0x08005c69   Thumb Code    38  sx1280.o(i.SX1280RangingClearFilterResult)
    SX1280RangingSetFilterNumSamples         0x08005c8f   Thumb Code    26  sx1280.o(i.SX1280RangingSetFilterNumSamples)
    SX1280SendPayload                        0x08005ca9   Thumb Code    22  sx1280.o(i.SX1280SendPayload)
    SX1280SetAutoFS                          0x08005cbf   Thumb Code    14  sx1280.o(i.SX1280SetAutoFS)
    SX1280SetAutoTx                          0x08005ccd   Thumb Code    34  sx1280.o(i.SX1280SetAutoTx)
    SX1280SetBleAccessAddress                0x08005cef   Thumb Code    50  sx1280.o(i.SX1280SetBleAccessAddress)
    SX1280SetBleAdvertizerAccessAddress      0x08005d21   Thumb Code    10  sx1280.o(i.SX1280SetBleAdvertizerAccessAddress)
    SX1280SetBufferBaseAddresses             0x08005d31   Thumb Code    26  sx1280.o(i.SX1280SetBufferBaseAddresses)
    SX1280SetCad                             0x08005d4d   Thumb Code    20  sx1280.o(i.SX1280SetCad)
    SX1280SetCadParams                       0x08005d65   Thumb Code    20  sx1280.o(i.SX1280SetCadParams)
    SX1280SetCrcPolynomial                   0x08005d7d   Thumb Code    50  sx1280.o(i.SX1280SetCrcPolynomial)
    SX1280SetCrcSeed                         0x08005daf   Thumb Code    50  sx1280.o(i.SX1280SetCrcSeed)
    SX1280SetDeviceRangingAddress            0x08005de1   Thumb Code    56  sx1280.o(i.SX1280SetDeviceRangingAddress)
    SX1280SetDioIrqParams                    0x08005e19   Thumb Code    74  sx1280.o(i.SX1280SetDioIrqParams)
    SX1280SetFs                              0x08005e65   Thumb Code    20  sx1280.o(i.SX1280SetFs)
    SX1280SetInterruptMode                   0x08005e7d   Thumb Code     8  sx1280.o(i.SX1280SetInterruptMode)
    SX1280SetLongPreamble                    0x08005e89   Thumb Code    14  sx1280.o(i.SX1280SetLongPreamble)
    SX1280SetModulationParams                0x08005e99   Thumb Code   168  sx1280.o(i.SX1280SetModulationParams)
    SX1280SetPacketParams                    0x08005f49   Thumb Code   268  sx1280.o(i.SX1280SetPacketParams)
    SX1280SetPacketType                      0x08006059   Thumb Code    22  sx1280.o(i.SX1280SetPacketType)
    SX1280SetPayload                         0x08006075   Thumb Code    18  sx1280.o(i.SX1280SetPayload)
    SX1280SetPollingMode                     0x08006089   Thumb Code     8  sx1280.o(i.SX1280SetPollingMode)
    SX1280SetRangingCalibration              0x08006095   Thumb Code    40  sx1280.o(i.SX1280SetRangingCalibration)
    SX1280SetRangingIdLength                 0x080060bd   Thumb Code    48  sx1280.o(i.SX1280SetRangingIdLength)
    SX1280SetRangingRequestAddress           0x080060ed   Thumb Code    56  sx1280.o(i.SX1280SetRangingRequestAddress)
    SX1280SetRangingRole                     0x08006125   Thumb Code    18  sx1280.o(i.SX1280SetRangingRole)
    SX1280SetRegistersDefault                0x08006139   Thumb Code    34  sx1280.o(i.SX1280SetRegistersDefault)
    SX1280SetRegulatorMode                   0x08006161   Thumb Code    14  sx1280.o(i.SX1280SetRegulatorMode)
    SX1280SetRfFrequency                     0x08006171   Thumb Code   116  sx1280.o(i.SX1280SetRfFrequency)
    SX1280SetRx                              0x080061fd   Thumb Code    72  sx1280.o(i.SX1280SetRx)
    SX1280SetRxDutyCycle                     0x08006249   Thumb Code    54  sx1280.o(i.SX1280SetRxDutyCycle)
    SX1280SetSaveContext                     0x08006285   Thumb Code    14  sx1280.o(i.SX1280SetSaveContext)
    SX1280SetSleep                           0x08006295   Thumb Code    66  sx1280.o(i.SX1280SetSleep)
    SX1280SetStandby                         0x080062dd   Thumb Code    34  sx1280.o(i.SX1280SetStandby)
    SX1280SetSyncWord                        0x08006305   Thumb Code   152  sx1280.o(i.SX1280SetSyncWord)
    SX1280SetSyncWordErrorTolerance          0x0800639d   Thumb Code    36  sx1280.o(i.SX1280SetSyncWordErrorTolerance)
    SX1280SetTx                              0x080063c1   Thumb Code    72  sx1280.o(i.SX1280SetTx)
    SX1280SetTxContinuousPreamble            0x0800640d   Thumb Code    14  sx1280.o(i.SX1280SetTxContinuousPreamble)
    SX1280SetTxContinuousWave                0x0800641b   Thumb Code    14  sx1280.o(i.SX1280SetTxContinuousWave)
    SX1280SetTxParams                        0x08006429   Thumb Code    32  sx1280.o(i.SX1280SetTxParams)
    SX1280SetWhiteningSeed                   0x08006449   Thumb Code    42  sx1280.o(i.SX1280SetWhiteningSeed)
    SX1280_Enter_LowPower                    0x08006475   Thumb Code    72  sx1280_app.o(i.SX1280_Enter_LowPower)
    SX1280_Init                              0x080064c1   Thumb Code   156  sx1280_app.o(i.SX1280_Init)
    SX1280_SendData                          0x08006565   Thumb Code    54  sx1280_app.o(i.SX1280_SendData)
    SendtoStation_sx1280_frame               0x080065c5   Thumb Code   558  protocol.o(i.SendtoStation_sx1280_frame)
    ShapeChange_Measure                      0x08006809   Thumb Code   340  adc.o(i.ShapeChange_Measure)
    SpiIn                                    0x0800697d   Thumb Code    22  hw-spi.o(i.SpiIn)
    SpiInOut                                 0x08006999   Thumb Code    34  hw-spi.o(i.SpiInOut)
    SpiInit                                  0x080069c1   Thumb Code    72  hw-spi.o(i.SpiInit)
    SysTick_Handler                          0x08006a11   Thumb Code    12  stm32l4xx_it.o(i.SysTick_Handler)
    SystemClock_Config_24M                   0x08006a1d   Thumb Code   170  hw.o(i.SystemClock_Config_24M)
    SystemInit                               0x08006ac9   Thumb Code    68  system_stm32l4xx.o(i.SystemInit)
    USART1_IRQHandler                        0x08006c49   Thumb Code    56  usart.o(i.USART1_IRQHandler)
    UsageFault_Handler                       0x08006c89   Thumb Code     4  stm32l4xx_it.o(i.UsageFault_Handler)
    Write_flash_Parameter                    0x08006c8d   Thumb Code   140  flash.o(i.Write_flash_Parameter)
    __ARM_fpclassify                         0x08006d2d   Thumb Code    48  fpclassify.o(i.__ARM_fpclassify)
    __hardfp_pow                             0x08006d99   Thumb Code  3072  pow.o(i.__hardfp_pow)
    __kernel_poly                            0x08007a19   Thumb Code   248  poly.o(i.__kernel_poly)
    __mathlib_dbl_divzero                    0x08007b11   Thumb Code    28  dunder.o(i.__mathlib_dbl_divzero)
    __mathlib_dbl_infnan2                    0x08007b41   Thumb Code    20  dunder.o(i.__mathlib_dbl_infnan2)
    __mathlib_dbl_invalid                    0x08007b59   Thumb Code    24  dunder.o(i.__mathlib_dbl_invalid)
    __mathlib_dbl_overflow                   0x08007b79   Thumb Code    24  dunder.o(i.__mathlib_dbl_overflow)
    __mathlib_dbl_underflow                  0x08007b99   Thumb Code    24  dunder.o(i.__mathlib_dbl_underflow)
    __scatterload_copy                       0x08007bb9   Thumb Code    14  handlers.o(i.__scatterload_copy)
    __scatterload_null                       0x08007bc7   Thumb Code     2  handlers.o(i.__scatterload_null)
    __scatterload_zeroinit                   0x08007bc9   Thumb Code    14  handlers.o(i.__scatterload_zeroinit)
    __set_errno                              0x08007bd9   Thumb Code     6  errno.o(i.__set_errno)
    fabs                                     0x08007be5   Thumb Code    24  fabs.o(i.fabs)
    main                                     0x08007bfd   Thumb Code    98  main.o(i.main)
    sqrt                                     0x08007c7d   Thumb Code   110  sqrt.o(i.sqrt)
    AHBPrescTable                            0x08007cec   Data          16  system_stm32l4xx.o(.constdata)
    APBPrescTable                            0x08007cfc   Data           8  system_stm32l4xx.o(.constdata)
    MSIRangeTable                            0x08007d04   Data          48  system_stm32l4xx.o(.constdata)
    RadioRegsInit                            0x08007d34   Data           4  sx1280.o(.constdata)
    Radio                                    0x08007d38   Data         260  sx1280-hal.o(.constdata)
    Frequency_list                           0x08007e3c   Data         120  protocol.o(.constdata)
    __mathlib_zero                           0x08008140   Data           8  qnan.o(.constdata)
    Region$$Table$$Base                      0x08008148   Number         0  anon$$obj.o(Region$$Table)
    Region$$Table$$Limit                     0x08008168   Number         0  anon$$obj.o(Region$$Table)
    default_sensor_id                        0x20000000   Data           8  main.o(.data)
    sensor_id                                0x20000008   Data           8  main.o(.data)
    otp_sensor_id_buf                        0x20000010   Data           6  main.o(.data)
    sensor_id_buf                            0x20000016   Data           6  main.o(.data)
    BURST_Count_down                         0x2000001c   Data           4  main.o(.data)
    MainRun_Time                             0x20000020   Data           4  main.o(.data)
    sx1280_receive_time                      0x20000024   Data           4  main.o(.data)
    RTC_SleepTime                            0x20000028   Data           4  main.o(.data)
    uhADCxRefValue                           0x2000002c   Data           2  main.o(.data)
    uhADCxConvertedValue                     0x2000002e   Data           2  main.o(.data)
    PA0_ADCxRValue                           0x20000030   Data           4  main.o(.data)
    PA2_ADCxRValue                           0x20000034   Data           4  main.o(.data)
    Rssi                                     0x20000038   Data           2  main.o(.data)
    temperatrue                              0x2000003a   Data           2  main.o(.data)
    Send_BURST_Count                         0x2000003c   Data           1  main.o(.data)
    Send_Message_Flag                        0x2000003d   Data           1  main.o(.data)
    Send_REQ_Flag                            0x2000003e   Data           1  main.o(.data)
    Send_BURST_Flag                          0x2000003f   Data           1  main.o(.data)
    Send_Frame_Type                          0x20000040   Data           1  main.o(.data)
    packetStatus                             0x20000041   Data           6  main.o(.data)
    hi2c1_status                             0x20000047   Data           1  main.o(.data)
    x                                        0x20000048   Data           1  main.o(.data)
    s                                        0x20000049   Data           1  main.o(.data)
    Shift_time                               0x2000004c   Data           4  main.o(.data)
    uwTick                                   0x20000050   Data           4  stm32l4xx_hal.o(.data)
    pFlash                                   0x20000054   Data          32  stm32l4xx_hal_flash.o(.data)
    SystemCoreClock                          0x20000074   Data           4  system_stm32l4xx.o(.data)
    USART1_RX_STA                            0x20000078   Data           2  usart.o(.data)
    USART2_RX_STA                            0x2000007a   Data           2  usart.o(.data)
    USART3_RX_STA                            0x2000007c   Data           2  usart.o(.data)
    aRx1Buffer                               0x2000007e   Data           1  usart.o(.data)
    DES_Offset_Delay                         0x20000080   Data           4  flash.o(.data)
    Flash_Sensor_ID                          0x20000084   Data           4  flash.o(.data)
    a                                        0x20000088   Data           4  adc.o(.data)
    b                                        0x2000008c   Data           2  adc.o(.data)
    Shape_Data_1                             0x2000008e   Data           2  adc.o(.data)
    Shape_Data_2                             0x20000090   Data           2  adc.o(.data)
    Burst_Status                             0x20000092   Data           1  adc.o(.data)
    Shape_Change_Data                        0x20000094   Data           4  adc.o(.data)
    First_Shape_Change_Data                  0x20000098   Data           4  adc.o(.data)
    Message_Cycle_Count_down                 0x2000009c   Data           4  rtc.o(.data)
    WakeUpNumber                             0x200000a0   Data           4  rtc.o(.data)
    AppState                                 0x200000a4   Data           1  sx1280.o(.data)
    DioIrq                                   0x200000ac   Data           4  sx1280.o(.data)
    IrqState                                 0x200000b4   Data           1  sx1280.o(.data)
    Message_cycle                            0x200000b8   Data           4  protocol.o(.data)
    Offset_Delay                             0x200000bc   Data           4  protocol.o(.data)
    Reset__cycle                             0x200000c0   Data           4  protocol.o(.data)
    Ctrl_cycle                               0x200000c4   Data           2  protocol.o(.data)
    RESET_FLAG                               0x200000c6   Data           1  protocol.o(.data)
    Time_random                              0x200000c7   Data           1  protocol.o(.data)
    Frequency_point                          0x200000c8   Data           1  protocol.o(.data)
    REQ_Waiting_Reply                        0x200000c9   Data           1  protocol.o(.data)
    BURST_Waiting_Reply                      0x200000ca   Data           1  protocol.o(.data)
    Alarm_threshold                          0x200000cc   Data           2  protocol.o(.data)
    Receive_BURST_ACK_flag                   0x200000ce   Data           1  protocol.o(.data)
    PongMsg3                                 0x200000d0   Data          12  sx1280_app.o(.data)
    RecBufferSize                            0x200000dc   Data           1  sx1280_app.o(.data)
    SndBufferSize                            0x200000dd   Data           1  sx1280_app.o(.data)
    Send_Frame_type                          0x200000de   Data           1  sx1280_app.o(.data)
    RxIrqMask                                0x200000e0   Data           2  sx1280_app.o(.data)
    TxIrqMask                                0x200000e2   Data           2  sx1280_app.o(.data)
    mainsteptime                             0x200000e4   Data           2  sx1280_app.o(.data)
    lorasteptime                             0x200000e8   Data           8  sx1280_app.o(.data)
    TTtime_RX                                0x200000f0   Data           4  sx1280_app.o(.data)
    TTtime_TX                                0x200000f4   Data           4  sx1280_app.o(.data)
    SX1280_ID                                0x200000f8   Data           2  sx1280_app.o(.data)
    irqRegs                                  0x200000fa   Data           2  sx1280_app.o(.data)
    Callbacks                                0x20000100   Data          36  sx1280_app.o(.data)
    Buffer                                   0x20000128   Data          15  main.o(.bss)
    RspAckbuff                               0x20000137   Data          50  main.o(.bss)
    WriteBuffer                              0x20000169   Data          10  main.o(.bss)
    ReadBuffer                               0x20000173   Data          10  main.o(.bss)
    hspi1                                    0x20000180   Data         100  main.o(.bss)
    packetParams                             0x200001e4   Data          24  main.o(.bss)
    SpiHandle                                0x200002cc   Data         100  hw-spi.o(.bss)
    USART1_RX_BUF                            0x20000330   Data          20  usart.o(.bss)
    huart1                                   0x20000344   Data         120  usart.o(.bss)
    huart2                                   0x200003bc   Data         120  usart.o(.bss)
    UART1_Handler                            0x20000434   Data         120  usart.o(.bss)
    UART2_Handler                            0x200004ac   Data         120  usart.o(.bss)
    UART3_Handler                            0x20000524   Data         120  usart.o(.bss)
    hadc1                                    0x2000059c   Data         104  adc.o(.bss)
    RTCHandle                                0x20000604   Data          36  rtc.o(.bss)
    hiwdg                                    0x20000628   Data          16  iwdg.o(.bss)
    RngHandle                                0x20000638   Data          16  rng.o(.bss)
    RecBuffer                                0x20002646   Data          30  sx1280_app.o(.bss)
    SndBuffer                                0x20002664   Data          30  sx1280_app.o(.bss)
    __initial_sp                             0x20002a88   Data           0  startup_stm32l431xx.o(STACK)



==============================================================================

Memory Map of the image

  Image Entry point : 0x0800018d

  Load Region LR_IROM1 (Base: 0x08000000, Size: 0x00008290, Max: 0x00020000, ABSOLUTE)

    Execution Region ER_IROM1 (Base: 0x08000000, Size: 0x00008168, Max: 0x00020000, ABSOLUTE)

    Base Addr    Size         Type   Attr      Idx    E Section Name        Object

    0x08000000   0x0000018c   Data   RO            3    RESET               startup_stm32l431xx.o
    0x0800018c   0x00000000   Code   RO         5447  * .ARM.Collect$$$$00000000  mc_w.l(entry.o)
    0x0800018c   0x00000004   Code   RO         5517    .ARM.Collect$$$$00000001  mc_w.l(entry2.o)
    0x08000190   0x00000004   Code   RO         5520    .ARM.Collect$$$$00000004  mc_w.l(entry5.o)
    0x08000194   0x00000000   Code   RO         5522    .ARM.Collect$$$$00000008  mc_w.l(entry7b.o)
    0x08000194   0x00000000   Code   RO         5524    .ARM.Collect$$$$0000000A  mc_w.l(entry8b.o)
    0x08000194   0x00000008   Code   RO         5525    .ARM.Collect$$$$0000000B  mc_w.l(entry9a.o)
    0x0800019c   0x00000000   Code   RO         5527    .ARM.Collect$$$$0000000D  mc_w.l(entry10a.o)
    0x0800019c   0x00000000   Code   RO         5529    .ARM.Collect$$$$0000000F  mc_w.l(entry11a.o)
    0x0800019c   0x00000004   Code   RO         5518    .ARM.Collect$$$$00002712  mc_w.l(entry2.o)
    0x080001a0   0x00000024   Code   RO            4    .text               startup_stm32l431xx.o
    0x080001c4   0x00000024   Code   RO         5452    .text               mc_w.l(memcpya.o)
    0x080001e8   0x0000015e   Code   RO         5464    .text               mf_w.l(dadd.o)
    0x08000346   0x000000ea   Code   RO         5466    .text               mf_w.l(dmul.o)
    0x08000430   0x000000de   Code   RO         5468    .text               mf_w.l(ddiv.o)
    0x0800050e   0x00000022   Code   RO         5470    .text               mf_w.l(dflti.o)
    0x08000530   0x0000001a   Code   RO         5472    .text               mf_w.l(dfltui.o)
    0x0800054a   0x00000032   Code   RO         5474    .text               mf_w.l(dfixui.o)
    0x0800057c   0x00000026   Code   RO         5476    .text               mf_w.l(f2d.o)
    0x080005a2   0x00000038   Code   RO         5478    .text               mf_w.l(d2f.o)
    0x080005da   0x0000001e   Code   RO         5531    .text               mc_w.l(llshl.o)
    0x080005f8   0x00000020   Code   RO         5533    .text               mc_w.l(llushr.o)
    0x08000618   0x00000024   Code   RO         5535    .text               mc_w.l(llsshr.o)
    0x0800063c   0x00000000   Code   RO         5550    .text               mc_w.l(iusefp.o)
    0x0800063c   0x0000006e   Code   RO         5551    .text               mf_w.l(fepilogue.o)
    0x080006aa   0x000000ba   Code   RO         5553    .text               mf_w.l(depilogue.o)
    0x08000764   0x0000002e   Code   RO         5557    .text               mf_w.l(dscalb.o)
    0x08000792   0x00000002   PAD
    0x08000794   0x00000030   Code   RO         5559    .text               mf_w.l(cdrcmple.o)
    0x080007c4   0x00000024   Code   RO         5561    .text               mc_w.l(init.o)
    0x080007e8   0x000000a2   Code   RO         5567    .text               mf_w.l(dsqrt.o)
    0x0800088a   0x00000002   PAD
    0x0800088c   0x00000038   Code   RO         4581    i.ADC1toChanel_5    adc.o
    0x080008c4   0x00000038   Code   RO         4582    i.ADC1toChanel_7    adc.o
    0x080008fc   0x00000038   Code   RO         4583    i.ADC1toChanel_8    adc.o
    0x08000934   0x0000009c   Code   RO         3155    i.ADC_Disable       stm32l4xx_hal_adc.o
    0x080009d0   0x000000c8   Code   RO         3156    i.ADC_Enable        stm32l4xx_hal_adc.o
    0x08000a98   0x00000264   Code   RO         4585    i.Battery_Voltage_Measure  adc.o
    0x08000cfc   0x00000004   Code   RO          247    i.BusFault_Handler  stm32l4xx_it.o
    0x08000d00   0x00000002   Code   RO          248    i.DebugMon_Handler  stm32l4xx_it.o
    0x08000d02   0x0000000c   Code   RO          249    i.EXTI15_10_IRQHandler  stm32l4xx_it.o
    0x08000d0e   0x00000002   PAD
    0x08000d10   0x0000008c   Code   RO           13    i.Enter_Shutdown_Mode  main.o
    0x08000d9c   0x00000024   Code   RO         4214    i.Error_Handler     hw.o
    0x08000dc0   0x0000006c   Code   RO         2023    i.FLASH_FlushCaches  stm32l4xx_hal_flash_ex.o
    0x08000e2c   0x00000024   Code   RO         2024    i.FLASH_MassErase   stm32l4xx_hal_flash_ex.o
    0x08000e50   0x00000028   Code   RO         2033    i.FLASH_PageErase   stm32l4xx_hal_flash_ex.o
    0x08000e78   0x00000018   Code   RO         1920    i.FLASH_Program_DoubleWord  stm32l4xx_hal_flash.o
    0x08000e90   0x00000030   Code   RO         1921    i.FLASH_Program_Fast  stm32l4xx_hal_flash.o
    0x08000ec0   0x0000009c   Code   RO         1922    i.FLASH_WaitForLastOperation  stm32l4xx_hal_flash.o
    0x08000f5c   0x0000000a   Code   RO         4500    i.Flash_If_DeInit   flash.o
    0x08000f66   0x00000002   PAD
    0x08000f68   0x00000044   Code   RO         4501    i.Flash_If_Erase    flash.o
    0x08000fac   0x0000000a   Code   RO         4502    i.Flash_If_Init     flash.o
    0x08000fb6   0x0000001c   Code   RO         4503    i.Flash_If_Read     flash.o
    0x08000fd2   0x00000002   PAD
    0x08000fd4   0x0000005c   Code   RO         4504    i.Flash_If_Write    flash.o
    0x08001030   0x00000058   Code   RO         4505    i.GetPage           flash.o
    0x08001088   0x0000010c   Code   RO         4728    i.Get_random        rng.o
    0x08001194   0x00000034   Code   RO         4292    i.GpioGetBitPos     hw-gpio.o
    0x080011c8   0x00000120   Code   RO         4293    i.GpioInit          hw-gpio.o
    0x080012e8   0x00000024   Code   RO         4294    i.GpioLaunchIrqHandler  hw-gpio.o
    0x0800130c   0x00000010   Code   RO         4295    i.GpioRead          hw-gpio.o
    0x0800131c   0x0000003c   Code   RO         4296    i.GpioSetIrq        hw-gpio.o
    0x08001358   0x00000014   Code   RO         4297    i.GpioWrite         hw-gpio.o
    0x0800136c   0x000000ac   Code   RO         3397    i.HAL_ADCEx_Calibration_Start  stm32l4xx_hal_adc_ex.o
    0x08001418   0x000004fc   Code   RO         3158    i.HAL_ADC_ConfigChannel  stm32l4xx_hal_adc.o
    0x08001914   0x00000008   Code   RO         3165    i.HAL_ADC_GetValue  stm32l4xx_hal_adc.o
    0x0800191c   0x000001f4   Code   RO         3167    i.HAL_ADC_Init      stm32l4xx_hal_adc.o
    0x08001b10   0x0000004c   Code   RO          436    i.HAL_ADC_MspInit   stm32l4xx_hal_msp.o
    0x08001b5c   0x000000c6   Code   RO         3171    i.HAL_ADC_PollForConversion  stm32l4xx_hal_adc.o
    0x08001c22   0x000000a0   Code   RO         3173    i.HAL_ADC_Start     stm32l4xx_hal_adc.o
    0x08001cc2   0x0000005c   Code   RO         2222    i.HAL_DMA_Abort_IT  stm32l4xx_hal_dma.o
    0x08001d1e   0x00000002   PAD
    0x08001d20   0x0000010c   Code   RO         2227    i.HAL_DMA_Init      stm32l4xx_hal_dma.o
    0x08001e2c   0x0000001a   Code   RO         4215    i.HAL_Delay         hw.o
    0x08001e46   0x00000002   PAD
    0x08001e48   0x0000010c   Code   RO         2034    i.HAL_FLASHEx_Erase  stm32l4xx_hal_flash_ex.o
    0x08001f54   0x00000014   Code   RO         1926    i.HAL_FLASH_Lock    stm32l4xx_hal_flash.o
    0x08001f68   0x000000c0   Code   RO         1931    i.HAL_FLASH_Program  stm32l4xx_hal_flash.o
    0x08002028   0x00000030   Code   RO         1933    i.HAL_FLASH_Unlock  stm32l4xx_hal_flash.o
    0x08002058   0x0000000c   Code   RO         4216    i.HAL_GPIO_EXTI_Callback  hw.o
    0x08002064   0x0000001c   Code   RO         2156    i.HAL_GPIO_EXTI_IRQHandler  stm32l4xx_hal_gpio.o
    0x08002080   0x000001cc   Code   RO         2157    i.HAL_GPIO_Init     stm32l4xx_hal_gpio.o
    0x0800224c   0x00000010   Code   RO         2159    i.HAL_GPIO_ReadPin  stm32l4xx_hal_gpio.o
    0x0800225c   0x0000000a   Code   RO         2161    i.HAL_GPIO_WritePin  stm32l4xx_hal_gpio.o
    0x08002266   0x00000002   PAD
    0x08002268   0x0000000c   Code   RO          939    i.HAL_GetTick       stm32l4xx_hal.o
    0x08002274   0x00000062   Code   RO         3583    i.HAL_IWDG_Init     stm32l4xx_hal_iwdg.o
    0x080022d6   0x0000000e   Code   RO         3584    i.HAL_IWDG_Refresh  stm32l4xx_hal_iwdg.o
    0x080022e4   0x00000010   Code   RO          943    i.HAL_IncTick       stm32l4xx_hal.o
    0x080022f4   0x00000016   Code   RO          944    i.HAL_Init          stm32l4xx_hal.o
    0x0800230a   0x00000002   PAD
    0x0800230c   0x00000028   Code   RO          945    i.HAL_InitTick      stm32l4xx_hal.o
    0x08002334   0x00000090   Code   RO          437    i.HAL_MspInit       stm32l4xx_hal_msp.o
    0x080023c4   0x00000028   Code   RO         2638    i.HAL_NVIC_EnableIRQ  stm32l4xx_hal_cortex.o
    0x080023ec   0x00000082   Code   RO         2644    i.HAL_NVIC_SetPriority  stm32l4xx_hal_cortex.o
    0x0800246e   0x00000002   PAD
    0x08002470   0x00000028   Code   RO         2645    i.HAL_NVIC_SetPriorityGrouping  stm32l4xx_hal_cortex.o
    0x08002498   0x0000008c   Code   RO         2448    i.HAL_PWREx_ControlVoltageScaling  stm32l4xx_hal_pwr_ex.o
    0x08002524   0x0000002c   Code   RO         2467    i.HAL_PWREx_EnterSHUTDOWNMode  stm32l4xx_hal_pwr_ex.o
    0x08002550   0x00000010   Code   RO         2471    i.HAL_PWREx_GetVoltageRange  stm32l4xx_hal_pwr_ex.o
    0x08002560   0x00000014   Code   RO         2340    i.HAL_PWR_EnableBkUpAccess  stm32l4xx_hal_pwr.o
    0x08002574   0x00000014   Code   RO         1763    i.HAL_RCCEx_EnableMSIPLLMode  stm32l4xx_hal_rcc_ex.o
    0x08002588   0x00000388   Code   RO         1769    i.HAL_RCCEx_PeriphCLKConfig  stm32l4xx_hal_rcc_ex.o
    0x08002910   0x0000016c   Code   RO         1647    i.HAL_RCC_ClockConfig  stm32l4xx_hal_rcc.o
    0x08002a7c   0x0000000c   Code   RO         1651    i.HAL_RCC_GetHCLKFreq  stm32l4xx_hal_rcc.o
    0x08002a88   0x0000010c   Code   RO         1655    i.HAL_RCC_GetSysClockFreq  stm32l4xx_hal_rcc.o
    0x08002b94   0x00000698   Code   RO         1658    i.HAL_RCC_OscConfig  stm32l4xx_hal_rcc.o
    0x0800322c   0x00000038   Code   RO         3613    i.HAL_RNG_DeInit    stm32l4xx_hal_rng.o
    0x08003264   0x00000076   Code   RO         3615    i.HAL_RNG_GenerateRandomNumber  stm32l4xx_hal_rng.o
    0x080032da   0x00000018   Code   RO         3618    i.HAL_RNG_GetRandomNumber  stm32l4xx_hal_rng.o
    0x080032f2   0x00000034   Code   RO         3622    i.HAL_RNG_Init      stm32l4xx_hal_rng.o
    0x08003326   0x00000002   PAD
    0x08003328   0x0000001c   Code   RO          438    i.HAL_RNG_MspDeInit  stm32l4xx_hal_msp.o
    0x08003344   0x0000003c   Code   RO          439    i.HAL_RNG_MspInit   stm32l4xx_hal_msp.o
    0x08003380   0x00000012   Code   RO         2912    i.HAL_RTCEx_BKUPRead  stm32l4xx_hal_rtc_ex.o
    0x08003392   0x00000012   Code   RO         2913    i.HAL_RTCEx_BKUPWrite  stm32l4xx_hal_rtc_ex.o
    0x080033a4   0x000000a6   Code   RO         2919    i.HAL_RTCEx_DeactivateWakeUpTimer  stm32l4xx_hal_rtc_ex.o
    0x0800344a   0x00000002   PAD
    0x0800344c   0x0000014c   Code   RO         2940    i.HAL_RTCEx_SetWakeUpTimer_IT  stm32l4xx_hal_rtc_ex.o
    0x08003598   0x00000002   Code   RO         2946    i.HAL_RTCEx_WakeUpTimerEventCallback  stm32l4xx_hal_rtc_ex.o
    0x0800359a   0x00000002   PAD
    0x0800359c   0x00000038   Code   RO         2947    i.HAL_RTCEx_WakeUpTimerIRQHandler  stm32l4xx_hal_rtc_ex.o
    0x080035d4   0x000000e8   Code   RO         2781    i.HAL_RTC_Init      stm32l4xx_hal_rtc.o
    0x080036bc   0x0000005c   Code   RO          441    i.HAL_RTC_MspInit   stm32l4xx_hal_msp.o
    0x08003718   0x0000003a   Code   RO         2789    i.HAL_RTC_WaitForSynchro  stm32l4xx_hal_rtc.o
    0x08003752   0x0000002c   Code   RO          868    i.HAL_SPIEx_FlushRxFifo  stm32l4xx_hal_spi_ex.o
    0x0800377e   0x000000c0   Code   RO          552    i.HAL_SPI_Init      stm32l4xx_hal_spi.o
    0x0800383e   0x00000002   PAD
    0x08003840   0x00000140   Code   RO          443    i.HAL_SPI_MspInit   stm32l4xx_hal_msp.o
    0x08003980   0x000001b8   Code   RO          560    i.HAL_SPI_Transmit  stm32l4xx_hal_spi.o
    0x08003b38   0x0000028a   Code   RO          561    i.HAL_SPI_TransmitReceive  stm32l4xx_hal_spi.o
    0x08003dc2   0x00000028   Code   RO         2647    i.HAL_SYSTICK_CLKSourceConfig  stm32l4xx_hal_cortex.o
    0x08003dea   0x00000002   PAD
    0x08003dec   0x00000024   Code   RO          250    i.HAL_SYSTICK_Callback  stm32l4xx_it.o
    0x08003e10   0x00000034   Code   RO         2649    i.HAL_SYSTICK_Config  stm32l4xx_hal_cortex.o
    0x08003e44   0x00000008   Code   RO         2650    i.HAL_SYSTICK_IRQHandler  stm32l4xx_hal_cortex.o
    0x08003e4c   0x00000002   Code   RO         4081    i.HAL_UARTEx_WakeupCallback  stm32l4xx_hal_uart_ex.o
    0x08003e4e   0x00000002   Code   RO         3737    i.HAL_UART_ErrorCallback  stm32l4xx_hal_uart.o
    0x08003e50   0x00000014   Code   RO         3739    i.HAL_UART_GetState  stm32l4xx_hal_uart.o
    0x08003e64   0x0000018c   Code   RO         3740    i.HAL_UART_IRQHandler  stm32l4xx_hal_uart.o
    0x08003ff0   0x000000e0   Code   RO         3746    i.HAL_UART_Receive_IT  stm32l4xx_hal_uart.o
    0x080040d0   0x00000088   Code   RO         4414    i.HAL_UART_RxCpltCallback  usart.o
    0x08004158   0x00000002   Code   RO         3752    i.HAL_UART_TxCpltCallback  stm32l4xx_hal_uart.o
    0x0800415a   0x00000002   PAD
    0x0800415c   0x000001f0   Code   RO           14    i.Handle_RFSendflag  main.o
    0x0800434c   0x00000150   Code   RO         4649    i.Handle_WakeUpSource  rtc.o
    0x0800449c   0x0000040c   Code   RO         5271    i.Handle_receiveStation_sx1280_frame  protocol.o
    0x080048a8   0x00000004   Code   RO          251    i.HardFault_Handler  stm32l4xx_it.o
    0x080048ac   0x00000014   Code   RO         4218    i.HwInit            hw.o
    0x080048c0   0x00000010   Code   RO         3180    i.LL_ADC_Enable     stm32l4xx_hal_adc.o
    0x080048d0   0x0000000a   Code   RO         3181    i.LL_ADC_GetCommonPathInternalCh  stm32l4xx_hal_adc.o
    0x080048da   0x00000012   Code   RO         3182    i.LL_ADC_GetOffsetChannel  stm32l4xx_hal_adc.o
    0x080048ec   0x0000000a   Code   RO         3183    i.LL_ADC_IsInternalRegulatorEnabled  stm32l4xx_hal_adc.o
    0x080048f6   0x0000000a   Code   RO         3184    i.LL_ADC_REG_IsConversionOngoing  stm32l4xx_hal_adc.o
    0x08004900   0x00000010   Code   RO         3185    i.LL_ADC_REG_StartConversion  stm32l4xx_hal_adc.o
    0x08004910   0x00000052   Code   RO         3187    i.LL_ADC_SetChannelSamplingTime  stm32l4xx_hal_adc.o
    0x08004962   0x0000000c   Code   RO         3188    i.LL_ADC_SetCommonPathInternalCh  stm32l4xx_hal_adc.o
    0x0800496e   0x00000016   Code   RO         3189    i.LL_ADC_SetOffsetState  stm32l4xx_hal_adc.o
    0x08004984   0x00000090   Code   RO          444    i.MSP_GetIRQn       stm32l4xx_hal_msp.o
    0x08004a14   0x0000007c   Code   RO         4586    i.MX_ADC1_Init      adc.o
    0x08004a90   0x00000030   Code   RO         4698    i.MX_IWDG_Init      iwdg.o
    0x08004ac0   0x00000004   Code   RO          252    i.MemManage_Handler  stm32l4xx_it.o
    0x08004ac4   0x00000002   Code   RO          253    i.NMI_Handler       stm32l4xx_it.o
    0x08004ac6   0x00000002   PAD
    0x08004ac8   0x0000000c   Code   RO         5326    i.OnRxDone          sx1280_app.o
    0x08004ad4   0x0000000c   Code   RO         5327    i.OnRxError         sx1280_app.o
    0x08004ae0   0x0000000c   Code   RO         5328    i.OnRxTimeout       sx1280_app.o
    0x08004aec   0x0000000c   Code   RO         5329    i.OnTxDone          sx1280_app.o
    0x08004af8   0x0000000c   Code   RO         5330    i.OnTxTimeout       sx1280_app.o
    0x08004b04   0x00000002   Code   RO          254    i.PendSV_Handler    stm32l4xx_it.o
    0x08004b06   0x00000002   PAD
    0x08004b08   0x00000104   Code   RO         5331    i.Process_Appstate_0  sx1280_app.o
    0x08004c0c   0x0000018c   Code   RO         1772    i.RCCEx_PLLSAI1_Config  stm32l4xx_hal_rcc_ex.o
    0x08004d98   0x000000a0   Code   RO         1659    i.RCC_SetFlashLatencyFromMSIRange  stm32l4xx_hal_rcc.o
    0x08004e38   0x00000034   Code   RO         4650    i.RTC_Config        rtc.o
    0x08004e6c   0x0000003e   Code   RO         2792    i.RTC_EnterInitMode  stm32l4xx_hal_rtc.o
    0x08004eaa   0x00000002   PAD
    0x08004eac   0x00000010   Code   RO          255    i.RTC_WKUP_IRQHandler  stm32l4xx_it.o
    0x08004ebc   0x00000038   Code   RO         5272    i.RTU_CRC           protocol.o
    0x08004ef4   0x000000b8   Code   RO         4506    i.Read_flash_Parameter  flash.o
    0x08004fac   0x00000064   Code   RO          590    i.SPI_EndRxTxTransaction  stm32l4xx_hal_spi.o
    0x08005010   0x000000b0   Code   RO          595    i.SPI_WaitFifoStateUntilTimeout  stm32l4xx_hal_spi.o
    0x080050c0   0x000000a8   Code   RO          596    i.SPI_WaitFlagStateUntilTimeout  stm32l4xx_hal_spi.o
    0x08005168   0x00000002   Code   RO          256    i.SVC_Handler       stm32l4xx_it.o
    0x0800516a   0x00000056   Code   RO         4759    i.SX1280Calibrate   sx1280.o
    0x080051c0   0x0000001c   Code   RO         4760    i.SX1280ClearIrqStatus  sx1280.o
    0x080051dc   0x0000001a   Code   RO         4761    i.SX1280GetFirmwareVersion  sx1280.o
    0x080051f6   0x00000002   PAD
    0x080051f8   0x00000124   Code   RO         4762    i.SX1280GetFrequencyError  sx1280.o
    0x0800531c   0x0000001a   Code   RO         4764    i.SX1280GetIrqStatus  sx1280.o
    0x08005336   0x00000002   PAD
    0x08005338   0x00000044   Code   RO         4765    i.SX1280GetLoRaBandwidth  sx1280.o
    0x0800537c   0x0000000c   Code   RO         4766    i.SX1280GetOpMode   sx1280.o
    0x08005388   0x00000308   Code   RO         4767    i.SX1280GetPacketStatus  sx1280.o
    0x08005690   0x0000000c   Code   RO         4768    i.SX1280GetPacketType  sx1280.o
    0x0800569c   0x0000002a   Code   RO         4769    i.SX1280GetPayload  sx1280.o
    0x080056c6   0x00000002   PAD
    0x080056c8   0x00000144   Code   RO         4770    i.SX1280GetRangingResult  sx1280.o
    0x0800580c   0x00000020   Code   RO         4771    i.SX1280GetRssiInst  sx1280.o
    0x0800582c   0x00000054   Code   RO         4772    i.SX1280GetRxBufferStatus  sx1280.o
    0x08005880   0x0000001e   Code   RO         4773    i.SX1280GetStatus   sx1280.o
    0x0800589e   0x00000024   Code   RO         5158    i.SX1280HalGetDioStatus  sx1280-hal.o
    0x080058c2   0x0000000c   Code   RO         5159    i.SX1280HalInit     sx1280-hal.o
    0x080058ce   0x00000016   Code   RO         5160    i.SX1280HalIoIrqInit  sx1280-hal.o
    0x080058e4   0x00000070   Code   RO         5161    i.SX1280HalReadBuffer  sx1280-hal.o
    0x08005954   0x00000070   Code   RO         5162    i.SX1280HalReadCommand  sx1280-hal.o
    0x080059c4   0x00000014   Code   RO         5163    i.SX1280HalReadRegister  sx1280-hal.o
    0x080059d8   0x00000074   Code   RO         5164    i.SX1280HalReadRegisters  sx1280-hal.o
    0x08005a4c   0x0000002a   Code   RO         5165    i.SX1280HalReset    sx1280-hal.o
    0x08005a76   0x00000016   Code   RO         5166    i.SX1280HalWaitOnBusy  sx1280-hal.o
    0x08005a8c   0x00000054   Code   RO         5167    i.SX1280HalWriteBuffer  sx1280-hal.o
    0x08005ae0   0x00000050   Code   RO         5168    i.SX1280HalWriteCommand  sx1280-hal.o
    0x08005b30   0x00000010   Code   RO         5169    i.SX1280HalWriteRegister  sx1280-hal.o
    0x08005b40   0x00000058   Code   RO         5170    i.SX1280HalWriteRegisters  sx1280-hal.o
    0x08005b98   0x00000018   Code   RO         4774    i.SX1280Init        sx1280.o
    0x08005bb0   0x0000000c   Code   RO         4775    i.SX1280OnDioIrq    sx1280.o
    0x08005bbc   0x000000ac   Code   RO         4777    i.SX1280ProcessIrqs  sx1280.o
    0x08005c68   0x00000026   Code   RO         4778    i.SX1280RangingClearFilterResult  sx1280.o
    0x08005c8e   0x0000001a   Code   RO         4779    i.SX1280RangingSetFilterNumSamples  sx1280.o
    0x08005ca8   0x00000016   Code   RO         4780    i.SX1280SendPayload  sx1280.o
    0x08005cbe   0x0000000e   Code   RO         4781    i.SX1280SetAutoFS   sx1280.o
    0x08005ccc   0x00000022   Code   RO         4782    i.SX1280SetAutoTx   sx1280.o
    0x08005cee   0x00000032   Code   RO         4783    i.SX1280SetBleAccessAddress  sx1280.o
    0x08005d20   0x00000010   Code   RO         4784    i.SX1280SetBleAdvertizerAccessAddress  sx1280.o
    0x08005d30   0x0000001a   Code   RO         4785    i.SX1280SetBufferBaseAddresses  sx1280.o
    0x08005d4a   0x00000002   PAD
    0x08005d4c   0x00000018   Code   RO         4786    i.SX1280SetCad      sx1280.o
    0x08005d64   0x00000018   Code   RO         4787    i.SX1280SetCadParams  sx1280.o
    0x08005d7c   0x00000032   Code   RO         4788    i.SX1280SetCrcPolynomial  sx1280.o
    0x08005dae   0x00000032   Code   RO         4789    i.SX1280SetCrcSeed  sx1280.o
    0x08005de0   0x00000038   Code   RO         4790    i.SX1280SetDeviceRangingAddress  sx1280.o
    0x08005e18   0x0000004a   Code   RO         4791    i.SX1280SetDioIrqParams  sx1280.o
    0x08005e62   0x00000002   PAD
    0x08005e64   0x00000018   Code   RO         4792    i.SX1280SetFs       sx1280.o
    0x08005e7c   0x0000000c   Code   RO         4793    i.SX1280SetInterruptMode  sx1280.o
    0x08005e88   0x0000000e   Code   RO         4794    i.SX1280SetLongPreamble  sx1280.o
    0x08005e96   0x00000002   PAD
    0x08005e98   0x000000b0   Code   RO         4795    i.SX1280SetModulationParams  sx1280.o
    0x08005f48   0x00000110   Code   RO         4796    i.SX1280SetPacketParams  sx1280.o
    0x08006058   0x0000001c   Code   RO         4797    i.SX1280SetPacketType  sx1280.o
    0x08006074   0x00000012   Code   RO         4798    i.SX1280SetPayload  sx1280.o
    0x08006086   0x00000002   PAD
    0x08006088   0x0000000c   Code   RO         4799    i.SX1280SetPollingMode  sx1280.o
    0x08006094   0x00000028   Code   RO         4800    i.SX1280SetRangingCalibration  sx1280.o
    0x080060bc   0x00000030   Code   RO         4801    i.SX1280SetRangingIdLength  sx1280.o
    0x080060ec   0x00000038   Code   RO         4802    i.SX1280SetRangingRequestAddress  sx1280.o
    0x08006124   0x00000012   Code   RO         4803    i.SX1280SetRangingRole  sx1280.o
    0x08006136   0x00000002   PAD
    0x08006138   0x00000028   Code   RO         4804    i.SX1280SetRegistersDefault  sx1280.o
    0x08006160   0x0000000e   Code   RO         4805    i.SX1280SetRegulatorMode  sx1280.o
    0x0800616e   0x00000002   PAD
    0x08006170   0x0000008c   Code   RO         4806    i.SX1280SetRfFrequency  sx1280.o
    0x080061fc   0x0000004c   Code   RO         4807    i.SX1280SetRx       sx1280.o
    0x08006248   0x0000003c   Code   RO         4808    i.SX1280SetRxDutyCycle  sx1280.o
    0x08006284   0x0000000e   Code   RO         4809    i.SX1280SetSaveContext  sx1280.o
    0x08006292   0x00000002   PAD
    0x08006294   0x00000048   Code   RO         4810    i.SX1280SetSleep    sx1280.o
    0x080062dc   0x00000028   Code   RO         4811    i.SX1280SetStandby  sx1280.o
    0x08006304   0x00000098   Code   RO         4812    i.SX1280SetSyncWord  sx1280.o
    0x0800639c   0x00000024   Code   RO         4813    i.SX1280SetSyncWordErrorTolerance  sx1280.o
    0x080063c0   0x0000004c   Code   RO         4814    i.SX1280SetTx       sx1280.o
    0x0800640c   0x0000000e   Code   RO         4815    i.SX1280SetTxContinuousPreamble  sx1280.o
    0x0800641a   0x0000000e   Code   RO         4816    i.SX1280SetTxContinuousWave  sx1280.o
    0x08006428   0x00000020   Code   RO         4817    i.SX1280SetTxParams  sx1280.o
    0x08006448   0x0000002a   Code   RO         4818    i.SX1280SetWhiteningSeed  sx1280.o
    0x08006472   0x00000002   PAD
    0x08006474   0x0000004c   Code   RO         5333    i.SX1280_Enter_LowPower  sx1280_app.o
    0x080064c0   0x000000a4   Code   RO         5335    i.SX1280_Init       sx1280_app.o
    0x08006564   0x00000044   Code   RO         5336    i.SX1280_SendData   sx1280_app.o
    0x080065a8   0x0000001a   Code   RO         4819    i.SX1280complement2  sx1280.o
    0x080065c2   0x00000002   PAD
    0x080065c4   0x00000242   Code   RO         5273    i.SendtoStation_sx1280_frame  protocol.o
    0x08006806   0x00000002   PAD
    0x08006808   0x00000174   Code   RO         4587    i.ShapeChange_Measure  adc.o
    0x0800697c   0x0000001c   Code   RO         4356    i.SpiIn             hw-spi.o
    0x08006998   0x00000028   Code   RO         4357    i.SpiInOut          hw-spi.o
    0x080069c0   0x00000050   Code   RO         4358    i.SpiInit           hw-spi.o
    0x08006a10   0x0000000c   Code   RO          257    i.SysTick_Handler   stm32l4xx_it.o
    0x08006a1c   0x000000aa   Code   RO         4221    i.SystemClock_Config_24M  hw.o
    0x08006ac6   0x00000002   PAD
    0x08006ac8   0x00000050   Code   RO         4136    i.SystemInit        system_stm32l4xx.o
    0x08006b18   0x00000018   Code   RO         3756    i.UART_DMAAbortOnError  stm32l4xx_hal_uart.o
    0x08006b30   0x00000024   Code   RO         3766    i.UART_EndRxTransfer  stm32l4xx_hal_uart.o
    0x08006b54   0x00000022   Code   RO         3767    i.UART_EndTransmit_IT  stm32l4xx_hal_uart.o
    0x08006b76   0x0000006c   Code   RO         3769    i.UART_RxISR_16BIT  stm32l4xx_hal_uart.o
    0x08006be2   0x00000066   Code   RO         3770    i.UART_RxISR_8BIT   stm32l4xx_hal_uart.o
    0x08006c48   0x00000040   Code   RO         4417    i.USART1_IRQHandler  usart.o
    0x08006c88   0x00000004   Code   RO          258    i.UsageFault_Handler  stm32l4xx_it.o
    0x08006c8c   0x000000a0   Code   RO         4507    i.Write_flash_Parameter  flash.o
    0x08006d2c   0x00000030   Code   RO         5500    i.__ARM_fpclassify  m_wm.l(fpclassify.o)
    0x08006d5c   0x00000010   Code   RO         2651    i.__NVIC_GetPriorityGrouping  stm32l4xx_hal_cortex.o
    0x08006d6c   0x00000028   Code   RO         2652    i.__NVIC_SetPriority  stm32l4xx_hal_cortex.o
    0x08006d94   0x00000004   PAD
    0x08006d98   0x00000c80   Code   RO         5433    i.__hardfp_pow      m_wm.l(pow.o)
    0x08007a18   0x000000f8   Code   RO         5502    i.__kernel_poly     m_wm.l(poly.o)
    0x08007b10   0x00000030   Code   RO         5480    i.__mathlib_dbl_divzero  m_wm.l(dunder.o)
    0x08007b40   0x00000014   Code   RO         5482    i.__mathlib_dbl_infnan2  m_wm.l(dunder.o)
    0x08007b54   0x00000004   PAD
    0x08007b58   0x00000020   Code   RO         5483    i.__mathlib_dbl_invalid  m_wm.l(dunder.o)
    0x08007b78   0x00000020   Code   RO         5484    i.__mathlib_dbl_overflow  m_wm.l(dunder.o)
    0x08007b98   0x00000020   Code   RO         5486    i.__mathlib_dbl_underflow  m_wm.l(dunder.o)
    0x08007bb8   0x0000000e   Code   RO         5576    i.__scatterload_copy  mc_w.l(handlers.o)
    0x08007bc6   0x00000002   Code   RO         5577    i.__scatterload_null  mc_w.l(handlers.o)
    0x08007bc8   0x0000000e   Code   RO         5578    i.__scatterload_zeroinit  mc_w.l(handlers.o)
    0x08007bd6   0x00000002   PAD
    0x08007bd8   0x0000000c   Code   RO         5539    i.__set_errno       mc_w.l(errno.o)
    0x08007be4   0x00000018   Code   RO         5496    i.fabs              m_wm.l(fabs.o)
    0x08007bfc   0x00000080   Code   RO           15    i.main              main.o
    0x08007c7c   0x0000006e   Code   RO         5507    i.sqrt              m_wm.l(sqrt.o)
    0x08007cea   0x00000002   PAD
    0x08007cec   0x00000048   Data   RO         4137    .constdata          system_stm32l4xx.o
    0x08007d34   0x00000004   Data   RO         4820    .constdata          sx1280.o
    0x08007d38   0x00000104   Data   RO         5172    .constdata          sx1280-hal.o
    0x08007e3c   0x00000278   Data   RO         5274    .constdata          protocol.o
    0x080080b4   0x00000004   PAD
    0x080080b8   0x00000088   Data   RO         5436    .constdata          m_wm.l(pow.o)
    0x08008140   0x00000008   Data   RO         5504    .constdata          m_wm.l(qnan.o)
    0x08008148   0x00000020   Data   RO         5574    Region$$Table       anon$$obj.o


    Execution Region RW_IRAM1 (Base: 0x20000000, Size: 0x00002a88, Max: 0x00010000, ABSOLUTE)

    Base Addr    Size         Type   Attr      Idx    E Section Name        Object

    0x20000000   0x00000050   Data   RW           17    .data               main.o
    0x20000050   0x00000004   Data   RW          960    .data               stm32l4xx_hal.o
    0x20000054   0x00000020   Data   RW         1934    .data               stm32l4xx_hal_flash.o
    0x20000074   0x00000004   Data   RW         4138    .data               system_stm32l4xx.o
    0x20000078   0x00000007   Data   RW         4422    .data               usart.o
    0x2000007f   0x00000001   PAD
    0x20000080   0x00000008   Data   RW         4509    .data               flash.o
    0x20000088   0x00000014   Data   RW         4589    .data               adc.o
    0x2000009c   0x00000008   Data   RW         4652    .data               rtc.o
    0x200000a4   0x00000011   Data   RW         4821    .data               sx1280.o
    0x200000b5   0x00000003   PAD
    0x200000b8   0x00000017   Data   RW         5275    .data               protocol.o
    0x200000cf   0x00000001   PAD
    0x200000d0   0x00000054   Data   RW         5339    .data               sx1280_app.o
    0x20000124   0x00000004   Data   RW         5540    .data               mc_w.l(errno.o)
    0x20000128   0x000000d4   Zero   RW           16    .bss                main.o
    0x200001fc   0x00000090   Zero   RW          445    .bss                stm32l4xx_hal_msp.o
    0x2000028c   0x00000040   Zero   RW         4298    .bss                hw-gpio.o
    0x200002cc   0x00000064   Zero   RW         4359    .bss                hw-spi.o
    0x20000330   0x0000026c   Zero   RW         4421    .bss                usart.o
    0x2000059c   0x00000068   Zero   RW         4588    .bss                adc.o
    0x20000604   0x00000024   Zero   RW         4651    .bss                rtc.o
    0x20000628   0x00000010   Zero   RW         4699    .bss                iwdg.o
    0x20000638   0x00000010   Zero   RW         4729    .bss                rng.o
    0x20000648   0x00001ffe   Zero   RW         5171    .bss                sx1280-hal.o
    0x20002646   0x0000003c   Zero   RW         5337    .bss                sx1280_app.o
    0x20002682   0x00000006   PAD
    0x20002688   0x00000400   Zero   RW            1    STACK               startup_stm32l431xx.o


==============================================================================

Image component sizes


      Code (inc. data)   RO Data    RW Data    ZI Data      Debug   Object Name

      1276        146          0         20        104       4379   adc.o
       640         66          0          8          0       6658   flash.o
       472         22          0          0         64       4586   hw-gpio.o
       148         20          0          0        100       2425   hw-spi.o
       264          4          0          0          0       2863   hw.o
        48         10          0          0         16        735   iwdg.o
       764        122          0         80        212     567500   main.o
      1670         90        632         23          0       6640   protocol.o
       268         32          0          0         16        873   rng.o
       388         50          0          8         36       1573   rtc.o
        36          8        396          0       1024        844   startup_stm32l431xx.o
        90         14          0          4          0       3631   stm32l4xx_hal.o
      2694        104          0          0          0      63045   stm32l4xx_hal_adc.o
       172          0          0          0          0       1518   stm32l4xx_hal_adc_ex.o
       366         22          0          0          0      35866   stm32l4xx_hal_cortex.o
       360         10          0          0          0       1886   stm32l4xx_hal_dma.o
       488         48          0         32          0       5018   stm32l4xx_hal_flash.o
       452         26          0          0          0       3271   stm32l4xx_hal_flash_ex.o
       514         32          0          0          0       3774   stm32l4xx_hal_gpio.o
       112          0          0          0          0       1815   stm32l4xx_hal_iwdg.o
       864         46          0          0        144      17128   stm32l4xx_hal_msp.o
        20          6          0          0          0        563   stm32l4xx_hal_pwr.o
       200         28          0          0          0       1980   stm32l4xx_hal_pwr_ex.o
      2492         76          0          0          0       5926   stm32l4xx_hal_rcc.o
      1320         32          0          0          0       3481   stm32l4xx_hal_rcc_ex.o
       250          0          0          0          0       3401   stm32l4xx_hal_rng.o
       352          4          0          0          0       2680   stm32l4xx_hal_rtc.o
       592          8          0          0          0       5482   stm32l4xx_hal_rtc_ex.o
      1726          0          0          0          0       6820   stm32l4xx_hal_spi.o
        44          0          0          0          0       1172   stm32l4xx_hal_spi_ex.o
       948         14          0          0          0       7867   stm32l4xx_hal_uart.o
         2          0          0          0          0        996   stm32l4xx_hal_uart_ex.o
       100         14          0          0          0     198254   stm32l4xx_it.o
       762         42        260          0       8190      12364   sx1280-hal.o
      4116        218          4         17          0      49389   sx1280.o
       628         76          0         84         60       6747   sx1280_app.o
        80         12         72          4          0       1321   system_stm32l4xx.o
       200         24          0          7        620       2347   usart.o

    ----------------------------------------------------------------------
     25984       1430       1400        292      10592    1046818   Object Totals
         0          0         32          0          0          0   (incl. Generated)
        66          4          4          5          6          0   (incl. Padding)

    ----------------------------------------------------------------------

      Code (inc. data)   RO Data    RW Data    ZI Data      Debug   Library Member Name

       164         44          0          0          0        620   dunder.o
        24          0          0          0          0        124   fabs.o
        48          0          0          0          0        124   fpclassify.o
       248          0          0          0          0        152   poly.o
      3200        296        136          0          0        352   pow.o
         0          0          8          0          0          0   qnan.o
       110          0          0          0          0        148   sqrt.o
         0          0          0          0          0          0   entry.o
         0          0          0          0          0          0   entry10a.o
         0          0          0          0          0          0   entry11a.o
         8          4          0          0          0          0   entry2.o
         4          0          0          0          0          0   entry5.o
         0          0          0          0          0          0   entry7b.o
         0          0          0          0          0          0   entry8b.o
         8          4          0          0          0          0   entry9a.o
        12          6          0          4          0         68   errno.o
        30          0          0          0          0          0   handlers.o
        36          8          0          0          0         68   init.o
         0          0          0          0          0          0   iusefp.o
        30          0          0          0          0         68   llshl.o
        36          0          0          0          0         68   llsshr.o
        32          0          0          0          0         68   llushr.o
        36          0          0          0          0         68   memcpya.o
        48          0          0          0          0         68   cdrcmple.o
        56          0          0          0          0         88   d2f.o
       350          0          0          0          0        148   dadd.o
       222          0          0          0          0        100   ddiv.o
       186          0          0          0          0        176   depilogue.o
        50          0          0          0          0         76   dfixui.o
        34          0          0          0          0         76   dflti.o
        26          0          0          0          0         76   dfltui.o
       234          0          0          0          0         96   dmul.o
        46          0          0          0          0         80   dscalb.o
       162          0          0          0          0        100   dsqrt.o
        38          0          0          0          0         68   f2d.o
       110          0          0          0          0        168   fepilogue.o

    ----------------------------------------------------------------------
      5600        362        144          4          0       3248   Library Totals
        12          0          0          0          0          0   (incl. Padding)

    ----------------------------------------------------------------------

      Code (inc. data)   RO Data    RW Data    ZI Data      Debug   Library Name

      3794        340        144          0          0       1520   m_wm.l
       232         22          0          4          0        408   mc_w.l
      1562          0          0          0          0       1320   mf_w.l

    ----------------------------------------------------------------------
      5600        362        144          4          0       3248   Library Totals

    ----------------------------------------------------------------------

==============================================================================


      Code (inc. data)   RO Data    RW Data    ZI Data      Debug   

     31584       1792       1544        296      10592    1025938   Grand Totals
     31584       1792       1544        296      10592    1025938   ELF Image Totals
     31584       1792       1544        296          0          0   ROM Totals

==============================================================================

    Total RO  Size (Code + RO Data)                33128 (  32.35kB)
    Total RW  Size (RW Data + ZI Data)             10888 (  10.63kB)
    Total ROM Size (Code + RO Data + RW Data)      33424 (  32.64kB)

==============================================================================

